Archive member included because of file (symbol)

c:/winavr-20070525/bin/../lib/gcc/avr/4.1.2/avr5\libgcc.a(_udivmodhi4.o)
                              remotenode.o (__udivmodhi4)
c:/winavr-20070525/bin/../lib/gcc/avr/4.1.2/avr5\libgcc.a(_divmodhi4.o)
                              remotenode.o (__divmodhi4)
c:/winavr-20070525/bin/../lib/gcc/avr/4.1.2/avr5\libgcc.a(_udivmodsi4.o)
                              remotenode.o (__udivmodsi4)
c:/winavr-20070525/bin/../lib/gcc/avr/4.1.2/avr5\libgcc.a(_exit.o)
                              c:/winavr-20070525/bin/../lib/gcc/avr/4.1.2/../../../../avr/lib/avr5/crtm32.o (exit)
c:/winavr-20070525/bin/../lib/gcc/avr/4.1.2/avr5\libgcc.a(_copy_data.o)
                              remotenode.o (__do_copy_data)
c:/winavr-20070525/bin/../lib/gcc/avr/4.1.2/avr5\libgcc.a(_clear_bss.o)
                              remotenode.o (__do_clear_bss)
c:/winavr-20070525/bin/../lib/gcc/avr/4.1.2/../../../../avr/lib/avr5\libc.a(strcpy.o)
                              remotenode.o (strcpy)

Allocating common symbols
Common symbol       size              file

fh                  0x1               remotenode.o
uartReadyTx         0x1               remotenode.o
packet              0x75              remotenode.o
uartRxBuffer        0x8               remotenode.o
rfSettings          0x9               remotenode.o
fm                  0x1               remotenode.o
rfRxInfo            0xa               remotenode.o
spiTransferComplete
                    0x1               remotenode.o
uartBufferedTx      0x1               remotenode.o
nm                  0x1               remotenode.o
pRxBuffer           0x80              remotenode.o
nap11               0x1               remotenode.o
fap11               0x1               remotenode.o
a2dCompleteFlag     0x1               remotenode.o
nh                  0x1               remotenode.o
rfTxInfo            0x8               remotenode.o
uartTxBuffer        0x8               remotenode.o
uartRxOverflow      0x2               remotenode.o
pTxBuffer           0x80              remotenode.o

Discarded input sections

 .stabstr       0x00000000        0x0 c:/winavr-20070525/bin/../lib/gcc/avr/4.1.2/../../../../avr/lib/avr5/crtm32.o

Memory Configuration

Name             Origin             Length             Attributes
text             0x00000000         0x00020000         xr
data             0x00800060         0x0000ffa0         rw !x
eeprom           0x00810000         0x00010000         rw !x
*default*        0x00000000         0xffffffff

Linker script and memory map

LOAD c:/winavr-20070525/bin/../lib/gcc/avr/4.1.2/../../../../avr/lib/avr5/crtm32.o
LOAD remotenode.o
LOAD c:/winavr-20070525/bin/../lib/gcc/avr/4.1.2/avr5\libgcc.a
LOAD c:/winavr-20070525/bin/../lib/gcc/avr/4.1.2/../../../../avr/lib/avr5\libc.a
LOAD c:/winavr-20070525/bin/../lib/gcc/avr/4.1.2/avr5\libgcc.a

.hash
 *(.hash)

.dynsym
 *(.dynsym)

.dynstr
 *(.dynstr)

.gnu.version
 *(.gnu.version)

.gnu.version_d
 *(.gnu.version_d)

.gnu.version_r
 *(.gnu.version_r)

.rel.init
 *(.rel.init)

.rela.init
 *(.rela.init)

.rel.text
 *(.rel.text)
 *(.rel.text.*)
 *(.rel.gnu.linkonce.t*)

.rela.text
 *(.rela.text)
 *(.rela.text.*)
 *(.rela.gnu.linkonce.t*)

.rel.fini
 *(.rel.fini)

.rela.fini
 *(.rela.fini)

.rel.rodata
 *(.rel.rodata)
 *(.rel.rodata.*)
 *(.rel.gnu.linkonce.r*)

.rela.rodata
 *(.rela.rodata)
 *(.rela.rodata.*)
 *(.rela.gnu.linkonce.r*)

.rel.data
 *(.rel.data)
 *(.rel.data.*)
 *(.rel.gnu.linkonce.d*)

.rela.data
 *(.rela.data)
 *(.rela.data.*)
 *(.rela.gnu.linkonce.d*)

.rel.ctors
 *(.rel.ctors)

.rela.ctors
 *(.rela.ctors)

.rel.dtors
 *(.rel.dtors)

.rela.dtors
 *(.rela.dtors)

.rel.got
 *(.rel.got)

.rela.got
 *(.rela.got)

.rel.bss
 *(.rel.bss)

.rela.bss
 *(.rela.bss)

.rel.plt
 *(.rel.plt)

.rela.plt
 *(.rela.plt)

.text           0x00000000     0x2292
 *(.vectors)
 .vectors       0x00000000       0x54 c:/winavr-20070525/bin/../lib/gcc/avr/4.1.2/../../../../avr/lib/avr5/crtm32.o
                0x00000000                __vectors
                0x00000000                __vector_default
 *(.vectors)
 *(.progmem.gcc*)
 *(.progmem*)
 .progmem.data  0x00000054       0xf9 remotenode.o
                0x0000014e                . = ALIGN (0x2)
 *fill*         0x0000014d        0x1 00
                0x0000014e                __trampolines_start = .
 *(.trampolines)
 .trampolines   0x0000014e        0x0 linker stubs
 *(.trampolines*)
                0x0000014e                __trampolines_end = .
 *(.jumptables)
 *(.jumptables*)
 *(.lowtext)
 *(.lowtext*)
                0x0000014e                __ctors_start = .
 *(.ctors)
                0x0000014e                __ctors_end = .
                0x0000014e                __dtors_start = .
 *(.dtors)
                0x0000014e                __dtors_end = .
 SORT(*)(.ctors)
 SORT(*)(.dtors)
 *(.init0)
 .init0         0x0000014e        0x0 c:/winavr-20070525/bin/../lib/gcc/avr/4.1.2/../../../../avr/lib/avr5/crtm32.o
                0x0000014e                __init
 *(.init0)
 *(.init1)
 *(.init1)
 *(.init2)
 .init2         0x0000014e        0xc c:/winavr-20070525/bin/../lib/gcc/avr/4.1.2/../../../../avr/lib/avr5/crtm32.o
 *(.init2)
 *(.init3)
 *(.init3)
 *(.init4)
 .init4         0x0000015a       0x16 c:/winavr-20070525/bin/../lib/gcc/avr/4.1.2/avr5\libgcc.a(_copy_data.o)
                0x0000015a                __do_copy_data
 .init4         0x00000170       0x10 c:/winavr-20070525/bin/../lib/gcc/avr/4.1.2/avr5\libgcc.a(_clear_bss.o)
                0x00000170                __do_clear_bss
 *(.init4)
 *(.init5)
 *(.init5)
 *(.init6)
 *(.init6)
 *(.init7)
 *(.init7)
 *(.init8)
 *(.init8)
 *(.init9)
 .init9         0x00000180        0x8 c:/winavr-20070525/bin/../lib/gcc/avr/4.1.2/../../../../avr/lib/avr5/crtm32.o
 *(.init9)
 *(.text)
 .text          0x00000188        0x4 c:/winavr-20070525/bin/../lib/gcc/avr/4.1.2/../../../../avr/lib/avr5/crtm32.o
                0x00000188                __vector_1
                0x00000188                __vector_12
                0x00000188                __bad_interrupt
                0x00000188                __vector_6
                0x00000188                __vector_3
                0x00000188                __vector_11
                0x00000188                __vector_17
                0x00000188                __vector_7
                0x00000188                __vector_5
                0x00000188                __vector_4
                0x00000188                __vector_9
                0x00000188                __vector_8
                0x00000188                __vector_14
                0x00000188                __vector_10
                0x00000188                __vector_18
                0x00000188                __vector_20
 .text          0x0000018c     0x2064 remotenode.o
                0x00000d88                cc2420WriteReg
                0x000008c6                i2cInit
                0x00001f0e                spiTransferWord
                0x00000c68                i2cMasterTransferNI
                0x00000922                i2cSendStart
                0x00001bac                uartSendTxBuffer
                0x00000842                a2dIsComplete
                0x00000a94                readtemp
                0x0000119c                rprintf1RamRom
                0x00000936                i2cWaitForComplete
                0x000007dc                spiSendByte
                0x000001d6                uartSendByte
                0x00000798                bufferIsNotFull
                0x00000e7a                cc2420DumpFifo
                0x00000874                a2dConvert8bit
                0x0000050e                bufferGetFromFront
                0x000002e6                rprintfu08
                0x00000a50                ds1624_check
                0x00000960                i2cGetReceivedByte
                0x000004ba                uartInitBuffers
                0x00000316                rprintfu32
                0x00000238                rprintfStr
                0x00001e50                i2cMasterSend
                0x00001140                basicRfReceiveOn
                0x00000a18                ds1624_startconvert
                0x00000690                bufferGetAtIndex
                0x000005d8                uartReceiveByte
                0x00000256                rprintfStrLen
                0x000007f0                a2dOff
                0x00000baa                ds1307_check
                0x00001e08                i2cMasterReceive
                0x000002a8                rprintfProgStr
                0x000007f6                a2dSetPrescaler
                0x000012ea                applay
                0x0000064c                bufferDumpFromFront
                0x000002fc                rprintfu16
                0x0000078a                uartAddToTxBuffer
                0x00000b9c                initI2c
                0x00000e30                cc2420Command
                0x00000e10                cc2420SetChannel
                0x0000020a                rprintfInit
                0x0000096c                i2cMasterSendNI
                0x0000018c                uartSetRxHandler
                0x0000070c                __vector_13
                0x00001bcc                __vector_19
                0x0000090e                i2cSetSlaveReceiveHandler
                0x000009d6                i2cGetState
                0x0000084c                a2dConvert10bit
                0x00000812                a2dInit
                0x000001e8                uartFlushReceiveBuffer
                0x00000214                rprintfChar
                0x0000115a                basicRfReceiveOff
                0x00000d3c                DS1307_get
                0x000004dc                uartInit
                0x00000e3e                cc2420GetStatus
                0x000001f2                uartReceiveBufferIsEmpty
                0x000009de                ds1624_config
                0x00000800                a2dSetReference
                0x000019f6                cc2420Init
                0x00000daa                cc2420WriteRam
                0x000002c8                rprintfCRLF
                0x00000196                uartSetBaudRate
                0x00000b56                ds1624_readtemp
                0x00001f32                main
                0x000007bc                spiInit
                0x00001b4c                initAll
                0x00000966                i2cGetStatus
                0x000007e4                spiTransferByte
                0x000001d0                uartGetTxBuffer
                0x0000093e                i2cSendByte
                0x0000179e                nwkpacketsend
                0x00000610                uartGetByte
                0x00000918                i2cSetSlaveTransmitHandler
                0x000001ca                uartGetRxBuffer
                0x00000fbe                __vector_2
                0x00000e50                cc2420ReadFifo
                0x00000c2a                DS1307_setdate
                0x0000056a                __vector_15
                0x00000900                i2cSetLocalDeviceAddr
                0x0000116c                portInit
                0x00000ea0                cc2420SendPck
                0x00000bee                DS1307_settime
                0x00001e90                i2cMasterReceiveNI
                0x000002d0                rprintfu04
                0x00000de6                cc2420WriteFifo
                0x0000185e                nwkpacketrec
                0x000004a0                bufferInit
                0x000006ba                bufferAddToEnd
                0x000007ae                bufferFlush
                0x00000884                __vector_16
                0x0000094a                i2cReceiveByte
                0x000008a2                i2cSetBitrate
                0x000021d2                initUart
                0x00000830                a2dSetChannel
                0x0000033a                rprintfNum
                0x0000083c                a2dStartConvert
                0x0000092c                i2cSendStop
 .text          0x000021f0        0x0 c:/winavr-20070525/bin/../lib/gcc/avr/4.1.2/avr5\libgcc.a(_udivmodhi4.o)
 .text          0x000021f0        0x0 c:/winavr-20070525/bin/../lib/gcc/avr/4.1.2/avr5\libgcc.a(_divmodhi4.o)
 .text          0x000021f0        0x0 c:/winavr-20070525/bin/../lib/gcc/avr/4.1.2/avr5\libgcc.a(_udivmodsi4.o)
 .text          0x000021f0        0x0 c:/winavr-20070525/bin/../lib/gcc/avr/4.1.2/avr5\libgcc.a(_exit.o)
 .text          0x000021f0        0x0 c:/winavr-20070525/bin/../lib/gcc/avr/4.1.2/avr5\libgcc.a(_copy_data.o)
 .text          0x000021f0        0x0 c:/winavr-20070525/bin/../lib/gcc/avr/4.1.2/avr5\libgcc.a(_clear_bss.o)
 .text          0x000021f0        0xe c:/winavr-20070525/bin/../lib/gcc/avr/4.1.2/../../../../avr/lib/avr5\libc.a(strcpy.o)
                0x000021f0                strcpy
                0x000021fe                . = ALIGN (0x2)
 *(.text.*)
 .text.libgcc   0x000021fe       0x28 c:/winavr-20070525/bin/../lib/gcc/avr/4.1.2/avr5\libgcc.a(_udivmodhi4.o)
                0x000021fe                __udivmodhi4
 .text.libgcc   0x00002226       0x26 c:/winavr-20070525/bin/../lib/gcc/avr/4.1.2/avr5\libgcc.a(_divmodhi4.o)
                0x00002226                __divmodhi4
                0x00002226                _div
 .text.libgcc   0x0000224c       0x44 c:/winavr-20070525/bin/../lib/gcc/avr/4.1.2/avr5\libgcc.a(_udivmodsi4.o)
                0x0000224c                __udivmodsi4
 .text.libgcc   0x00002290        0x0 c:/winavr-20070525/bin/../lib/gcc/avr/4.1.2/avr5\libgcc.a(_exit.o)
 .text.libgcc   0x00002290        0x0 c:/winavr-20070525/bin/../lib/gcc/avr/4.1.2/avr5\libgcc.a(_copy_data.o)
 .text.libgcc   0x00002290        0x0 c:/winavr-20070525/bin/../lib/gcc/avr/4.1.2/avr5\libgcc.a(_clear_bss.o)
                0x00002290                . = ALIGN (0x2)
 *(.fini9)
 .fini9         0x00002290        0x0 c:/winavr-20070525/bin/../lib/gcc/avr/4.1.2/avr5\libgcc.a(_exit.o)
                0x00002290                exit
                0x00002290                _exit
 *(.fini9)
 *(.fini8)
 *(.fini8)
 *(.fini7)
 *(.fini7)
 *(.fini6)
 *(.fini6)
 *(.fini5)
 *(.fini5)
 *(.fini4)
 *(.fini4)
 *(.fini3)
 *(.fini3)
 *(.fini2)
 *(.fini2)
 *(.fini1)
 *(.fini1)
 *(.fini0)
 .fini0         0x00002290        0x2 c:/winavr-20070525/bin/../lib/gcc/avr/4.1.2/avr5\libgcc.a(_exit.o)
 *(.fini0)
                0x00002292                _etext = .

.data           0x00800060       0x12 load address 0x00002292
                0x00800060                PROVIDE (__data_start, .)
 *(.data)
 .data          0x00800060        0x0 c:/winavr-20070525/bin/../lib/gcc/avr/4.1.2/../../../../avr/lib/avr5/crtm32.o
 .data          0x00800060       0x12 remotenode.o
 .data          0x00800072        0x0 c:/winavr-20070525/bin/../lib/gcc/avr/4.1.2/avr5\libgcc.a(_udivmodhi4.o)
 .data          0x00800072        0x0 c:/winavr-20070525/bin/../lib/gcc/avr/4.1.2/avr5\libgcc.a(_divmodhi4.o)
 .data          0x00800072        0x0 c:/winavr-20070525/bin/../lib/gcc/avr/4.1.2/avr5\libgcc.a(_udivmodsi4.o)
 .data          0x00800072        0x0 c:/winavr-20070525/bin/../lib/gcc/avr/4.1.2/avr5\libgcc.a(_exit.o)
 .data          0x00800072        0x0 c:/winavr-20070525/bin/../lib/gcc/avr/4.1.2/avr5\libgcc.a(_copy_data.o)
 .data          0x00800072        0x0 c:/winavr-20070525/bin/../lib/gcc/avr/4.1.2/avr5\libgcc.a(_clear_bss.o)
 .data          0x00800072        0x0 c:/winavr-20070525/bin/../lib/gcc/avr/4.1.2/../../../../avr/lib/avr5\libc.a(strcpy.o)
 *(.data*)
 *(.rodata)
 *(.rodata*)
 *(.gnu.linkonce.d*)
                0x00800072                . = ALIGN (0x2)
                0x00800072                _edata = .
                0x00800072                PROVIDE (__data_end, .)

.bss            0x00800072      0x27b
                0x00800072                PROVIDE (__bss_start, .)
 *(.bss)
 .bss           0x00800072        0x0 c:/winavr-20070525/bin/../lib/gcc/avr/4.1.2/../../../../avr/lib/avr5/crtm32.o
 .bss           0x00800072       0xcf remotenode.o
                0x00800072                flag
 .bss           0x00800141        0x0 c:/winavr-20070525/bin/../lib/gcc/avr/4.1.2/avr5\libgcc.a(_udivmodhi4.o)
 .bss           0x00800141        0x0 c:/winavr-20070525/bin/../lib/gcc/avr/4.1.2/avr5\libgcc.a(_divmodhi4.o)
 .bss           0x00800141        0x0 c:/winavr-20070525/bin/../lib/gcc/avr/4.1.2/avr5\libgcc.a(_udivmodsi4.o)
 .bss           0x00800141        0x0 c:/winavr-20070525/bin/../lib/gcc/avr/4.1.2/avr5\libgcc.a(_exit.o)
 .bss           0x00800141        0x0 c:/winavr-20070525/bin/../lib/gcc/avr/4.1.2/avr5\libgcc.a(_copy_data.o)
 .bss           0x00800141        0x0 c:/winavr-20070525/bin/../lib/gcc/avr/4.1.2/avr5\libgcc.a(_clear_bss.o)
 .bss           0x00800141        0x0 c:/winavr-20070525/bin/../lib/gcc/avr/4.1.2/../../../../avr/lib/avr5\libc.a(strcpy.o)
 *(.bss*)
 *(COMMON)
 COMMON         0x00800141      0x1ac remotenode.o
                0x00800141                fh
                0x00800142                uartReadyTx
                0x00800143                packet
                0x008001b8                uartRxBuffer
                0x008001c0                rfSettings
                0x008001c9                fm
                0x008001ca                rfRxInfo
                0x008001d4                spiTransferComplete
                0x008001d5                uartBufferedTx
                0x008001d6                nm
                0x008001d7                pRxBuffer
                0x00800257                nap11
                0x00800258                fap11
                0x00800259                a2dCompleteFlag
                0x0080025a                nh
                0x0080025b                rfTxInfo
                0x00800263                uartTxBuffer
                0x0080026b                uartRxOverflow
                0x0080026d                pTxBuffer
                0x008002ed                PROVIDE (__bss_end, .)
                0x00002292                __data_load_start = LOADADDR (.data)
                0x000022a4                __data_load_end = (__data_load_start + SIZEOF (.data))

.noinit         0x008002ed        0x0
                0x008002ed                PROVIDE (__noinit_start, .)
 *(.noinit*)
                0x008002ed                PROVIDE (__noinit_end, .)
                0x008002ed                _end = .
                0x008002ed                PROVIDE (__heap_start, .)

.eeprom         0x00810000        0x0
 *(.eeprom*)
                0x00810000                __eeprom_end = .

.stab           0x00000000      0x378
 *(.stab)
 .stab          0x00000000      0x378 c:/winavr-20070525/bin/../lib/gcc/avr/4.1.2/../../../../avr/lib/avr5/crtm32.o

.stabstr        0x00000000       0x71
 *(.stabstr)
 .stabstr       0x00000000       0x71 c:/winavr-20070525/bin/../lib/gcc/avr/4.1.2/../../../../avr/lib/avr5/crtm32.o

.stab.excl
 *(.stab.excl)

.stab.exclstr
 *(.stab.exclstr)

.stab.index
 *(.stab.index)

.stab.indexstr
 *(.stab.indexstr)

.comment
 *(.comment)

.debug
 *(.debug)

.line
 *(.line)

.debug_srcinfo
 *(.debug_srcinfo)

.debug_sfnames
 *(.debug_sfnames)

.debug_aranges  0x00000000       0x20
 *(.debug_aranges)
 .debug_aranges
                0x00000000       0x20 remotenode.o

.debug_pubnames
                0x00000000      0x80a
 *(.debug_pubnames)
 .debug_pubnames
                0x00000000      0x80a remotenode.o

.debug_info     0x00000000     0x28d7
 *(.debug_info)
 .debug_info    0x00000000     0x28d7 remotenode.o
 *(.gnu.linkonce.wi.*)

.debug_abbrev   0x00000000      0x3bb
 *(.debug_abbrev)
 .debug_abbrev  0x00000000      0x3bb remotenode.o

.debug_line     0x00000000     0x200f
 *(.debug_line)
 .debug_line    0x00000000     0x200f remotenode.o

.debug_frame    0x00000000      0x620
 *(.debug_frame)
 .debug_frame   0x00000000      0x620 remotenode.o

.debug_str      0x00000000      0xb5a
 *(.debug_str)
 .debug_str     0x00000000      0xb5a remotenode.o
                                0xbf9 (size before relaxing)

.debug_loc      0x00000000     0x1269
 *(.debug_loc)
 .debug_loc     0x00000000     0x1269 remotenode.o

.debug_macinfo
 *(.debug_macinfo)
OUTPUT(remotenode.elf elf32-avr)
LOAD linker stubs

.debug_ranges   0x00000000       0x30
 .debug_ranges  0x00000000       0x30 remotenode.o
