Archive member included because of file (symbol)

c:/winavr-20070525/bin/../lib/gcc/avr/4.1.2/avr5\libgcc.a(_udivmodhi4.o)
                              receive.o (__udivmodhi4)
c:/winavr-20070525/bin/../lib/gcc/avr/4.1.2/avr5\libgcc.a(_divmodhi4.o)
                              receive.o (__divmodhi4)
c:/winavr-20070525/bin/../lib/gcc/avr/4.1.2/avr5\libgcc.a(_udivmodsi4.o)
                              receive.o (__udivmodsi4)
c:/winavr-20070525/bin/../lib/gcc/avr/4.1.2/avr5\libgcc.a(_exit.o)
                              c:/winavr-20070525/bin/../lib/gcc/avr/4.1.2/../../../../avr/lib/avr5/crtm16.o (exit)
c:/winavr-20070525/bin/../lib/gcc/avr/4.1.2/avr5\libgcc.a(_copy_data.o)
                              receive.o (__do_copy_data)
c:/winavr-20070525/bin/../lib/gcc/avr/4.1.2/avr5\libgcc.a(_clear_bss.o)
                              receive.o (__do_clear_bss)
c:/winavr-20070525/bin/../lib/gcc/avr/4.1.2/../../../../avr/lib/avr5\libc.a(strcpy.o)
                              receive.o (strcpy)

Allocating common symbols
Common symbol       size              file

uartReadyTx         0x1               receive.o
packet              0x75              receive.o
uartRxBuffer        0x8               receive.o
rfSettings          0x9               receive.o
rfRxInfo            0xa               receive.o
spiTransferComplete
                    0x1               receive.o
uartBufferedTx      0x1               receive.o
pRxBuffer           0x80              receive.o
a2dCompleteFlag     0x1               receive.o
rfTxInfo            0x8               receive.o
uartTxBuffer        0x8               receive.o
uartRxOverflow      0x2               receive.o
pTxBuffer           0x80              receive.o

Discarded input sections

 .stabstr       0x00000000        0x0 c:/winavr-20070525/bin/../lib/gcc/avr/4.1.2/../../../../avr/lib/avr5/crtm16.o

Memory Configuration

Name             Origin             Length             Attributes
text             0x00000000         0x00020000         xr
data             0x00800060         0x0000ffa0         rw !x
eeprom           0x00810000         0x00010000         rw !x
*default*        0x00000000         0xffffffff

Linker script and memory map

LOAD c:/winavr-20070525/bin/../lib/gcc/avr/4.1.2/../../../../avr/lib/avr5/crtm16.o
LOAD receive.o
LOAD c:/winavr-20070525/bin/../lib/gcc/avr/4.1.2/avr5\libgcc.a
LOAD c:/winavr-20070525/bin/../lib/gcc/avr/4.1.2/../../../../avr/lib/avr5\libc.a
LOAD c:/winavr-20070525/bin/../lib/gcc/avr/4.1.2/avr5\libgcc.a

.hash
 *(.hash)

.dynsym
 *(.dynsym)

.dynstr
 *(.dynstr)

.gnu.version
 *(.gnu.version)

.gnu.version_d
 *(.gnu.version_d)

.gnu.version_r
 *(.gnu.version_r)

.rel.init
 *(.rel.init)

.rela.init
 *(.rela.init)

.rel.text
 *(.rel.text)
 *(.rel.text.*)
 *(.rel.gnu.linkonce.t*)

.rela.text
 *(.rela.text)
 *(.rela.text.*)
 *(.rela.gnu.linkonce.t*)

.rel.fini
 *(.rel.fini)

.rela.fini
 *(.rela.fini)

.rel.rodata
 *(.rel.rodata)
 *(.rel.rodata.*)
 *(.rel.gnu.linkonce.r*)

.rela.rodata
 *(.rela.rodata)
 *(.rela.rodata.*)
 *(.rela.gnu.linkonce.r*)

.rel.data
 *(.rel.data)
 *(.rel.data.*)
 *(.rel.gnu.linkonce.d*)

.rela.data
 *(.rela.data)
 *(.rela.data.*)
 *(.rela.gnu.linkonce.d*)

.rel.ctors
 *(.rel.ctors)

.rela.ctors
 *(.rela.ctors)

.rel.dtors
 *(.rel.dtors)

.rela.dtors
 *(.rela.dtors)

.rel.got
 *(.rel.got)

.rela.got
 *(.rela.got)

.rel.bss
 *(.rel.bss)

.rela.bss
 *(.rela.bss)

.rel.plt
 *(.rel.plt)

.rela.plt
 *(.rela.plt)

.text           0x00000000     0x1d2e
 *(.vectors)
 .vectors       0x00000000       0x54 c:/winavr-20070525/bin/../lib/gcc/avr/4.1.2/../../../../avr/lib/avr5/crtm16.o
                0x00000000                __vectors
                0x00000000                __vector_default
 *(.vectors)
 *(.progmem.gcc*)
 *(.progmem*)
 .progmem.data  0x00000054       0x8e receive.o
                0x000000e2                . = ALIGN (0x2)
                0x000000e2                __trampolines_start = .
 *(.trampolines)
 .trampolines   0x000000e2        0x0 linker stubs
 *(.trampolines*)
                0x000000e2                __trampolines_end = .
 *(.jumptables)
 *(.jumptables*)
 *(.lowtext)
 *(.lowtext*)
                0x000000e2                __ctors_start = .
 *(.ctors)
                0x000000e2                __ctors_end = .
                0x000000e2                __dtors_start = .
 *(.dtors)
                0x000000e2                __dtors_end = .
 SORT(*)(.ctors)
 SORT(*)(.dtors)
 *(.init0)
 .init0         0x000000e2        0x0 c:/winavr-20070525/bin/../lib/gcc/avr/4.1.2/../../../../avr/lib/avr5/crtm16.o
                0x000000e2                __init
 *(.init0)
 *(.init1)
 *(.init1)
 *(.init2)
 .init2         0x000000e2        0xc c:/winavr-20070525/bin/../lib/gcc/avr/4.1.2/../../../../avr/lib/avr5/crtm16.o
 *(.init2)
 *(.init3)
 *(.init3)
 *(.init4)
 .init4         0x000000ee       0x16 c:/winavr-20070525/bin/../lib/gcc/avr/4.1.2/avr5\libgcc.a(_copy_data.o)
                0x000000ee                __do_copy_data
 .init4         0x00000104       0x10 c:/winavr-20070525/bin/../lib/gcc/avr/4.1.2/avr5\libgcc.a(_clear_bss.o)
                0x00000104                __do_clear_bss
 *(.init4)
 *(.init5)
 *(.init5)
 *(.init6)
 *(.init6)
 *(.init7)
 *(.init7)
 *(.init8)
 *(.init8)
 *(.init9)
 .init9         0x00000114        0x8 c:/winavr-20070525/bin/../lib/gcc/avr/4.1.2/../../../../avr/lib/avr5/crtm16.o
 *(.init9)
 *(.text)
 .text          0x0000011c        0x4 c:/winavr-20070525/bin/../lib/gcc/avr/4.1.2/../../../../avr/lib/avr5/crtm16.o
                0x0000011c                __vector_1
                0x0000011c                __vector_12
                0x0000011c                __bad_interrupt
                0x0000011c                __vector_6
                0x0000011c                __vector_3
                0x0000011c                __vector_19
                0x0000011c                __vector_7
                0x0000011c                __vector_5
                0x0000011c                __vector_4
                0x0000011c                __vector_9
                0x0000011c                __vector_15
                0x0000011c                __vector_8
                0x0000011c                __vector_10
                0x0000011c                __vector_16
                0x0000011c                __vector_18
                0x0000011c                __vector_20
 .text          0x00000120     0x1b6c receive.o
                0x00000d22                cc2420WriteReg
                0x00000860                i2cInit
                0x00000778                spiTransferWord
                0x00000c02                i2cMasterTransferNI
                0x000008bc                i2cSendStart
                0x0000177a                uartSendTxBuffer
                0x000007dc                a2dIsComplete
                0x00000a2e                readtemp
                0x00001150                rprintf1RamRom
                0x000008d0                i2cWaitForComplete
                0x00000756                spiSendByte
                0x000001ea                uartSendByte
                0x00000712                bufferIsNotFull
                0x00000e30                cc2420DumpFifo
                0x0000080e                a2dConvert8bit
                0x000004ae                bufferGetFromFront
                0x000002e8                rprintfu08
                0x000009ea                ds1624_check
                0x000008fa                i2cGetReceivedByte
                0x00000120                uartInitBuffers
                0x00000318                rprintfu32
                0x00000234                rprintfStr
                0x00001956                i2cMasterSend
                0x000010f4                basicRfReceiveOn
                0x000009b2                ds1624_startconvert
                0x0000061c                bufferGetAtIndex
                0x00000568                uartReceiveByte
                0x00000252                rprintfStrLen
                0x000007a8                a2dOff
                0x00000b44                ds1307_check
                0x0000190e                i2cMasterReceive
                0x000002a4                rprintfProgStr
                0x000007ae                a2dSetPrescaler
                0x0000179a                applay
                0x000005dc                bufferDumpFromFront
                0x000002fe                rprintfu16
                0x00000704                uartAddToTxBuffer
                0x00000686                __vector_11
                0x00000b36                initI2c
                0x00000dde                cc2420Command
                0x00000dbe                cc2420SetChannel
                0x0000021e                rprintfInit
                0x00000906                i2cMasterSendNI
                0x0000016e                uartSetRxHandler
                0x000004fa                __vector_13
                0x00001996                __vector_17
                0x000008a8                i2cSetSlaveReceiveHandler
                0x00000970                i2cGetState
                0x000007e6                a2dConvert10bit
                0x00001c6e                a2dInit
                0x000001fc                uartFlushReceiveBuffer
                0x00000228                rprintfChar
                0x0000110e                basicRfReceiveOff
                0x00000cd6                DS1307_get
                0x000001ac                uartInit
                0x00000de8                cc2420GetStatus
                0x00000206                uartReceiveBufferIsEmpty
                0x00000978                ds1624_config
                0x000007b8                a2dSetReference
                0x000014fe                cc2420Init
                0x00000d44                cc2420WriteRam
                0x000002c4                rprintfCRLF
                0x00000178                uartSetBaudRate
                0x00000af0                ds1624_readtemp
                0x000016b4                main
                0x00000736                spiInit
                0x00001654                initAll
                0x00000900                i2cGetStatus
                0x00000762                spiTransferByte
                0x000001e4                uartGetTxBuffer
                0x000008d8                i2cSendByte
                0x000012a6                nwkpacketsend
                0x000005a0                uartGetByte
                0x000008b2                i2cSetSlaveTransmitHandler
                0x000001de                uartGetRxBuffer
                0x00000f72                __vector_2
                0x00000df8                cc2420ReadFifo
                0x00000bc4                DS1307_setdate
                0x0000089a                i2cSetLocalDeviceAddr
                0x00001120                portInit
                0x00000e54                cc2420SendPck
                0x00000b88                DS1307_settime
                0x00001bd2                i2cMasterReceiveNI
                0x000002d2                rprintfu04
                0x00000d8c                cc2420WriteFifo
                0x00001366                nwkpacketrec
                0x0000049a                bufferInit
                0x00000640                bufferAddToEnd
                0x0000081e                __vector_14
                0x0000072e                bufferFlush
                0x000008e4                i2cReceiveByte
                0x0000083c                i2cSetBitrate
                0x00001c50                initUart
                0x000007ca                a2dSetChannel
                0x0000033c                rprintfNum
                0x000007d6                a2dStartConvert
                0x000008c6                i2cSendStop
 .text          0x00001c8c        0x0 c:/winavr-20070525/bin/../lib/gcc/avr/4.1.2/avr5\libgcc.a(_udivmodhi4.o)
 .text          0x00001c8c        0x0 c:/winavr-20070525/bin/../lib/gcc/avr/4.1.2/avr5\libgcc.a(_divmodhi4.o)
 .text          0x00001c8c        0x0 c:/winavr-20070525/bin/../lib/gcc/avr/4.1.2/avr5\libgcc.a(_udivmodsi4.o)
 .text          0x00001c8c        0x0 c:/winavr-20070525/bin/../lib/gcc/avr/4.1.2/avr5\libgcc.a(_exit.o)
 .text          0x00001c8c        0x0 c:/winavr-20070525/bin/../lib/gcc/avr/4.1.2/avr5\libgcc.a(_copy_data.o)
 .text          0x00001c8c        0x0 c:/winavr-20070525/bin/../lib/gcc/avr/4.1.2/avr5\libgcc.a(_clear_bss.o)
 .text          0x00001c8c        0xe c:/winavr-20070525/bin/../lib/gcc/avr/4.1.2/../../../../avr/lib/avr5\libc.a(strcpy.o)
                0x00001c8c                strcpy
                0x00001c9a                . = ALIGN (0x2)
 *(.text.*)
 .text.libgcc   0x00001c9a       0x28 c:/winavr-20070525/bin/../lib/gcc/avr/4.1.2/avr5\libgcc.a(_udivmodhi4.o)
                0x00001c9a                __udivmodhi4
 .text.libgcc   0x00001cc2       0x26 c:/winavr-20070525/bin/../lib/gcc/avr/4.1.2/avr5\libgcc.a(_divmodhi4.o)
                0x00001cc2                __divmodhi4
                0x00001cc2                _div
 .text.libgcc   0x00001ce8       0x44 c:/winavr-20070525/bin/../lib/gcc/avr/4.1.2/avr5\libgcc.a(_udivmodsi4.o)
                0x00001ce8                __udivmodsi4
 .text.libgcc   0x00001d2c        0x0 c:/winavr-20070525/bin/../lib/gcc/avr/4.1.2/avr5\libgcc.a(_exit.o)
 .text.libgcc   0x00001d2c        0x0 c:/winavr-20070525/bin/../lib/gcc/avr/4.1.2/avr5\libgcc.a(_copy_data.o)
 .text.libgcc   0x00001d2c        0x0 c:/winavr-20070525/bin/../lib/gcc/avr/4.1.2/avr5\libgcc.a(_clear_bss.o)
                0x00001d2c                . = ALIGN (0x2)
 *(.fini9)
 .fini9         0x00001d2c        0x0 c:/winavr-20070525/bin/../lib/gcc/avr/4.1.2/avr5\libgcc.a(_exit.o)
                0x00001d2c                exit
                0x00001d2c                _exit
 *(.fini9)
 *(.fini8)
 *(.fini8)
 *(.fini7)
 *(.fini7)
 *(.fini6)
 *(.fini6)
 *(.fini5)
 *(.fini5)
 *(.fini4)
 *(.fini4)
 *(.fini3)
 *(.fini3)
 *(.fini2)
 *(.fini2)
 *(.fini1)
 *(.fini1)
 *(.fini0)
 .fini0         0x00001d2c        0x2 c:/winavr-20070525/bin/../lib/gcc/avr/4.1.2/avr5\libgcc.a(_exit.o)
 *(.fini0)
                0x00001d2e                _etext = .

.data           0x00800060       0x12 load address 0x00001d2e
                0x00800060                PROVIDE (__data_start, .)
 *(.data)
 .data          0x00800060        0x0 c:/winavr-20070525/bin/../lib/gcc/avr/4.1.2/../../../../avr/lib/avr5/crtm16.o
 .data          0x00800060       0x12 receive.o
 .data          0x00800072        0x0 c:/winavr-20070525/bin/../lib/gcc/avr/4.1.2/avr5\libgcc.a(_udivmodhi4.o)
 .data          0x00800072        0x0 c:/winavr-20070525/bin/../lib/gcc/avr/4.1.2/avr5\libgcc.a(_divmodhi4.o)
 .data          0x00800072        0x0 c:/winavr-20070525/bin/../lib/gcc/avr/4.1.2/avr5\libgcc.a(_udivmodsi4.o)
 .data          0x00800072        0x0 c:/winavr-20070525/bin/../lib/gcc/avr/4.1.2/avr5\libgcc.a(_exit.o)
 .data          0x00800072        0x0 c:/winavr-20070525/bin/../lib/gcc/avr/4.1.2/avr5\libgcc.a(_copy_data.o)
 .data          0x00800072        0x0 c:/winavr-20070525/bin/../lib/gcc/avr/4.1.2/avr5\libgcc.a(_clear_bss.o)
 .data          0x00800072        0x0 c:/winavr-20070525/bin/../lib/gcc/avr/4.1.2/../../../../avr/lib/avr5\libc.a(strcpy.o)
 *(.data*)
 *(.rodata)
 *(.rodata*)
 *(.gnu.linkonce.d*)
                0x00800072                . = ALIGN (0x2)
                0x00800072                _edata = .
                0x00800072                PROVIDE (__data_end, .)

.bss            0x00800072      0x275
                0x00800072                PROVIDE (__bss_start, .)
 *(.bss)
 .bss           0x00800072        0x0 c:/winavr-20070525/bin/../lib/gcc/avr/4.1.2/../../../../avr/lib/avr5/crtm16.o
 .bss           0x00800072       0xcf receive.o
                0x00800072                flag
 .bss           0x00800141        0x0 c:/winavr-20070525/bin/../lib/gcc/avr/4.1.2/avr5\libgcc.a(_udivmodhi4.o)
 .bss           0x00800141        0x0 c:/winavr-20070525/bin/../lib/gcc/avr/4.1.2/avr5\libgcc.a(_divmodhi4.o)
 .bss           0x00800141        0x0 c:/winavr-20070525/bin/../lib/gcc/avr/4.1.2/avr5\libgcc.a(_udivmodsi4.o)
 .bss           0x00800141        0x0 c:/winavr-20070525/bin/../lib/gcc/avr/4.1.2/avr5\libgcc.a(_exit.o)
 .bss           0x00800141        0x0 c:/winavr-20070525/bin/../lib/gcc/avr/4.1.2/avr5\libgcc.a(_copy_data.o)
 .bss           0x00800141        0x0 c:/winavr-20070525/bin/../lib/gcc/avr/4.1.2/avr5\libgcc.a(_clear_bss.o)
 .bss           0x00800141        0x0 c:/winavr-20070525/bin/../lib/gcc/avr/4.1.2/../../../../avr/lib/avr5\libc.a(strcpy.o)
 *(.bss*)
 *(COMMON)
 COMMON         0x00800141      0x1a6 receive.o
                0x00800141                uartReadyTx
                0x00800142                packet
                0x008001b7                uartRxBuffer
                0x008001bf                rfSettings
                0x008001c8                rfRxInfo
                0x008001d2                spiTransferComplete
                0x008001d3                uartBufferedTx
                0x008001d4                pRxBuffer
                0x00800254                a2dCompleteFlag
                0x00800255                rfTxInfo
                0x0080025d                uartTxBuffer
                0x00800265                uartRxOverflow
                0x00800267                pTxBuffer
                0x008002e7                PROVIDE (__bss_end, .)
                0x00001d2e                __data_load_start = LOADADDR (.data)
                0x00001d40                __data_load_end = (__data_load_start + SIZEOF (.data))

.noinit         0x008002e7        0x0
                0x008002e7                PROVIDE (__noinit_start, .)
 *(.noinit*)
                0x008002e7                PROVIDE (__noinit_end, .)
                0x008002e7                _end = .
                0x008002e7                PROVIDE (__heap_start, .)

.eeprom         0x00810000        0x0
 *(.eeprom*)
                0x00810000                __eeprom_end = .

.stab           0x00000000      0x378
 *(.stab)
 .stab          0x00000000      0x378 c:/winavr-20070525/bin/../lib/gcc/avr/4.1.2/../../../../avr/lib/avr5/crtm16.o

.stabstr        0x00000000       0x71
 *(.stabstr)
 .stabstr       0x00000000       0x71 c:/winavr-20070525/bin/../lib/gcc/avr/4.1.2/../../../../avr/lib/avr5/crtm16.o

.stab.excl
 *(.stab.excl)

.stab.exclstr
 *(.stab.exclstr)

.stab.index
 *(.stab.index)

.stab.indexstr
 *(.stab.indexstr)

.comment
 *(.comment)

.debug
 *(.debug)

.line
 *(.line)

.debug_srcinfo
 *(.debug_srcinfo)

.debug_sfnames
 *(.debug_sfnames)

.debug_aranges  0x00000000       0x20
 *(.debug_aranges)
 .debug_aranges
                0x00000000       0x20 receive.o

.debug_pubnames
                0x00000000      0x7da
 *(.debug_pubnames)
 .debug_pubnames
                0x00000000      0x7da receive.o

.debug_info     0x00000000     0x2306
 *(.debug_info)
 .debug_info    0x00000000     0x2306 receive.o
 *(.gnu.linkonce.wi.*)

.debug_abbrev   0x00000000      0x388
 *(.debug_abbrev)
 .debug_abbrev  0x00000000      0x388 receive.o

.debug_line     0x00000000     0x1b5e
 *(.debug_line)
 .debug_line    0x00000000     0x1b5e receive.o

.debug_frame    0x00000000      0x620
 *(.debug_frame)
 .debug_frame   0x00000000      0x620 receive.o

.debug_str      0x00000000      0xb1c
 *(.debug_str)
 .debug_str     0x00000000      0xb1c receive.o
                                0xbbb (size before relaxing)

.debug_loc      0x00000000     0x11e3
 *(.debug_loc)
 .debug_loc     0x00000000     0x11e3 receive.o

.debug_macinfo
 *(.debug_macinfo)
OUTPUT(receive.elf elf32-avr)
LOAD linker stubs
