Archive member included because of file (symbol)

c:/winavr-20070525/bin/../lib/gcc/avr/4.1.2/avr5\libgcc.a(_udivmodqi4.o)
                              WithKey.o (__udivmodqi4)
c:/winavr-20070525/bin/../lib/gcc/avr/4.1.2/avr5\libgcc.a(_divmodhi4.o)
                              WithKey.o (__divmodhi4)
c:/winavr-20070525/bin/../lib/gcc/avr/4.1.2/avr5\libgcc.a(_exit.o)
                              c:/winavr-20070525/bin/../lib/gcc/avr/4.1.2/../../../../avr/lib/avr5/crtm644.o (exit)
c:/winavr-20070525/bin/../lib/gcc/avr/4.1.2/avr5\libgcc.a(_copy_data.o)
                              WithKey.o (__do_copy_data)
c:/winavr-20070525/bin/../lib/gcc/avr/4.1.2/avr5\libgcc.a(_clear_bss.o)
                              WithKey.o (__do_clear_bss)
c:/winavr-20070525/bin/../lib/gcc/avr/4.1.2/avr5\libgcc.a(_udivmodhi4.o)
                              c:/winavr-20070525/bin/../lib/gcc/avr/4.1.2/avr5\libgcc.a(_divmodhi4.o) (__udivmodhi4)
c:/winavr-20070525/bin/../lib/gcc/avr/4.1.2/../../../../avr/lib/avr5\libc.a(atoi.o)
                              WithKey.o (atoi)
c:/winavr-20070525/bin/../lib/gcc/avr/4.1.2/../../../../avr/lib/avr5\libc.a(mul10.o)
                              c:/winavr-20070525/bin/../lib/gcc/avr/4.1.2/../../../../avr/lib/avr5\libc.a(atoi.o) (__mulhi_const_10)
c:/winavr-20070525/bin/../lib/gcc/avr/4.1.2/../../../../avr/lib/avr5\libc.a(sprintf.o)
                              WithKey.o (sprintf)
c:/winavr-20070525/bin/../lib/gcc/avr/4.1.2/../../../../avr/lib/avr5\libc.a(vfprintf_std.o)
                              c:/winavr-20070525/bin/../lib/gcc/avr/4.1.2/../../../../avr/lib/avr5\libc.a(sprintf.o) (vfprintf)
c:/winavr-20070525/bin/../lib/gcc/avr/4.1.2/../../../../avr/lib/avr5\libc.a(strlen_P.o)
                              c:/winavr-20070525/bin/../lib/gcc/avr/4.1.2/../../../../avr/lib/avr5\libc.a(vfprintf_std.o) (strlen_P)
c:/winavr-20070525/bin/../lib/gcc/avr/4.1.2/../../../../avr/lib/avr5\libc.a(strnlen_P.o)
                              c:/winavr-20070525/bin/../lib/gcc/avr/4.1.2/../../../../avr/lib/avr5\libc.a(vfprintf_std.o) (strnlen_P)
c:/winavr-20070525/bin/../lib/gcc/avr/4.1.2/../../../../avr/lib/avr5\libc.a(strnlen.o)
                              c:/winavr-20070525/bin/../lib/gcc/avr/4.1.2/../../../../avr/lib/avr5\libc.a(vfprintf_std.o) (strnlen)
c:/winavr-20070525/bin/../lib/gcc/avr/4.1.2/../../../../avr/lib/avr5\libc.a(fputc.o)
                              c:/winavr-20070525/bin/../lib/gcc/avr/4.1.2/../../../../avr/lib/avr5\libc.a(vfprintf_std.o) (fputc)
c:/winavr-20070525/bin/../lib/gcc/avr/4.1.2/avr5\libgcc.a(_udivmodsi4.o)
                              c:/winavr-20070525/bin/../lib/gcc/avr/4.1.2/../../../../avr/lib/avr5\libc.a(vfprintf_std.o) (__udivmodsi4)

Allocating common symbols
Common symbol       size              file

rd                  0x18              WithKey.o
ri                  0x6               WithKey.o

Discarded input sections

 .stabstr       0x00000000        0x0 c:/winavr-20070525/bin/../lib/gcc/avr/4.1.2/../../../../avr/lib/avr5/crtm644.o

Memory Configuration

Name             Origin             Length             Attributes
text             0x00000000         0x00020000         xr
data             0x00800060         0x0000ffa0         rw !x
eeprom           0x00810000         0x00010000         rw !x
*default*        0x00000000         0xffffffff

Linker script and memory map

Address of section .data set to 0x800100
LOAD c:/winavr-20070525/bin/../lib/gcc/avr/4.1.2/../../../../avr/lib/avr5/crtm644.o
LOAD WithKey.o
LOAD c:/winavr-20070525/bin/../lib/gcc/avr/4.1.2/avr5\libgcc.a
LOAD c:/winavr-20070525/bin/../lib/gcc/avr/4.1.2/../../../../avr/lib/avr5\libc.a
LOAD c:/winavr-20070525/bin/../lib/gcc/avr/4.1.2/avr5\libgcc.a

.hash
 *(.hash)

.dynsym
 *(.dynsym)

.dynstr
 *(.dynstr)

.gnu.version
 *(.gnu.version)

.gnu.version_d
 *(.gnu.version_d)

.gnu.version_r
 *(.gnu.version_r)

.rel.init
 *(.rel.init)

.rela.init
 *(.rela.init)

.rel.text
 *(.rel.text)
 *(.rel.text.*)
 *(.rel.gnu.linkonce.t*)

.rela.text
 *(.rela.text)
 *(.rela.text.*)
 *(.rela.gnu.linkonce.t*)

.rel.fini
 *(.rel.fini)

.rela.fini
 *(.rela.fini)

.rel.rodata
 *(.rel.rodata)
 *(.rel.rodata.*)
 *(.rel.gnu.linkonce.r*)

.rela.rodata
 *(.rela.rodata)
 *(.rela.rodata.*)
 *(.rela.gnu.linkonce.r*)

.rel.data
 *(.rel.data)
 *(.rel.data.*)
 *(.rel.gnu.linkonce.d*)

.rela.data
 *(.rela.data)
 *(.rela.data.*)
 *(.rela.gnu.linkonce.d*)

.rel.ctors
 *(.rel.ctors)

.rela.ctors
 *(.rela.ctors)

.rel.dtors
 *(.rel.dtors)

.rela.dtors
 *(.rela.dtors)

.rel.got
 *(.rel.got)

.rela.got
 *(.rela.got)

.rel.bss
 *(.rel.bss)

.rela.bss
 *(.rela.bss)

.rel.plt
 *(.rel.plt)

.rela.plt
 *(.rela.plt)

.text           0x00000000     0x21cc
 *(.vectors)
 .vectors       0x00000000       0x70 c:/winavr-20070525/bin/../lib/gcc/avr/4.1.2/../../../../avr/lib/avr5/crtm644.o
                0x00000000                __vectors
                0x00000000                __vector_default
 *(.vectors)
 *(.progmem.gcc*)
 *(.progmem*)
                0x00000070                . = ALIGN (0x2)
                0x00000070                __trampolines_start = .
 *(.trampolines)
 .trampolines   0x00000070        0x0 linker stubs
 *(.trampolines*)
                0x00000070                __trampolines_end = .
 *(.jumptables)
 *(.jumptables*)
 *(.lowtext)
 *(.lowtext*)
                0x00000070                __ctors_start = .
 *(.ctors)
                0x00000070                __ctors_end = .
                0x00000070                __dtors_start = .
 *(.dtors)
                0x00000070                __dtors_end = .
 SORT(*)(.ctors)
 SORT(*)(.dtors)
 *(.init0)
 .init0         0x00000070        0x0 c:/winavr-20070525/bin/../lib/gcc/avr/4.1.2/../../../../avr/lib/avr5/crtm644.o
                0x00000070                __init
 *(.init0)
 *(.init1)
 *(.init1)
 *(.init2)
 .init2         0x00000070        0xc c:/winavr-20070525/bin/../lib/gcc/avr/4.1.2/../../../../avr/lib/avr5/crtm644.o
 *(.init2)
 *(.init3)
 *(.init3)
 *(.init4)
 .init4         0x0000007c       0x16 c:/winavr-20070525/bin/../lib/gcc/avr/4.1.2/avr5\libgcc.a(_copy_data.o)
                0x0000007c                __do_copy_data
 .init4         0x00000092       0x10 c:/winavr-20070525/bin/../lib/gcc/avr/4.1.2/avr5\libgcc.a(_clear_bss.o)
                0x00000092                __do_clear_bss
 *(.init4)
 *(.init5)
 *(.init5)
 *(.init6)
 *(.init6)
 *(.init7)
 *(.init7)
 *(.init8)
 *(.init8)
 *(.init9)
 .init9         0x000000a2        0x8 c:/winavr-20070525/bin/../lib/gcc/avr/4.1.2/../../../../avr/lib/avr5/crtm644.o
 *(.init9)
 *(.text)
 .text          0x000000aa        0x4 c:/winavr-20070525/bin/../lib/gcc/avr/4.1.2/../../../../avr/lib/avr5/crtm644.o
                0x000000aa                __vector_22
                0x000000aa                __vector_1
                0x000000aa                __vector_24
                0x000000aa                __vector_12
                0x000000aa                __bad_interrupt
                0x000000aa                __vector_6
                0x000000aa                __vector_3
                0x000000aa                __vector_23
                0x000000aa                __vector_25
                0x000000aa                __vector_11
                0x000000aa                __vector_13
                0x000000aa                __vector_17
                0x000000aa                __vector_19
                0x000000aa                __vector_7
                0x000000aa                __vector_27
                0x000000aa                __vector_5
                0x000000aa                __vector_4
                0x000000aa                __vector_9
                0x000000aa                __vector_2
                0x000000aa                __vector_21
                0x000000aa                __vector_15
                0x000000aa                __vector_8
                0x000000aa                __vector_26
                0x000000aa                __vector_14
                0x000000aa                __vector_10
                0x000000aa                __vector_16
                0x000000aa                __vector_18
                0x000000aa                __vector_20
 .text          0x000000ae     0x1994 WithKey.o
                0x00001036                rmdisp
                0x00001306                swi
                0x00001508                schd
                0x00000be2                SchTimeChk
                0x0000021e                LCDCLR
                0x000001d6                LCDINI
                0x00000318                scrol
                0x000004f6                SchTimeSet
                0x00000848                LCDEN
                0x00000d10                TimeSet
                0x000000b0                delayms
                0x00000a28                NameSet
                0x00000152                LCDGOTOXY
                0x00000258                LCDBRD
                0x0000040c                getdKey
                0x000000ae                delaym
                0x000009aa                LCDSTR
                0x0000017a                LCDNF
                0x0000171c                main
                0x00000466                getKey
                0x000000f8                LCDDEC
                0x000000da                spi_write
                0x00000786                LCDMEN
                0x0000012a                LCDDIR
 .text          0x00001a42        0x0 c:/winavr-20070525/bin/../lib/gcc/avr/4.1.2/avr5\libgcc.a(_udivmodqi4.o)
 .text          0x00001a42        0x0 c:/winavr-20070525/bin/../lib/gcc/avr/4.1.2/avr5\libgcc.a(_divmodhi4.o)
 .text          0x00001a42        0x0 c:/winavr-20070525/bin/../lib/gcc/avr/4.1.2/avr5\libgcc.a(_exit.o)
 .text          0x00001a42        0x0 c:/winavr-20070525/bin/../lib/gcc/avr/4.1.2/avr5\libgcc.a(_copy_data.o)
 .text          0x00001a42        0x0 c:/winavr-20070525/bin/../lib/gcc/avr/4.1.2/avr5\libgcc.a(_clear_bss.o)
 .text          0x00001a42        0x0 c:/winavr-20070525/bin/../lib/gcc/avr/4.1.2/avr5\libgcc.a(_udivmodhi4.o)
 .text          0x00001a42       0x3c c:/winavr-20070525/bin/../lib/gcc/avr/4.1.2/../../../../avr/lib/avr5\libc.a(atoi.o)
                0x00001a42                atoi
 .text          0x00001a7e       0x10 c:/winavr-20070525/bin/../lib/gcc/avr/4.1.2/../../../../avr/lib/avr5\libc.a(mul10.o)
                0x00001a7e                __mulhi_const_10
 .text          0x00001a8e       0x64 c:/winavr-20070525/bin/../lib/gcc/avr/4.1.2/../../../../avr/lib/avr5\libc.a(sprintf.o)
                0x00001a8e                sprintf
 .text          0x00001af2      0x596 c:/winavr-20070525/bin/../lib/gcc/avr/4.1.2/../../../../avr/lib/avr5\libc.a(vfprintf_std.o)
                0x00001af2                vfprintf
 .text          0x00002088       0x12 c:/winavr-20070525/bin/../lib/gcc/avr/4.1.2/../../../../avr/lib/avr5\libc.a(strlen_P.o)
                0x00002088                strlen_P
 .text          0x0000209a       0x16 c:/winavr-20070525/bin/../lib/gcc/avr/4.1.2/../../../../avr/lib/avr5\libc.a(strnlen_P.o)
                0x0000209a                strnlen_P
 .text          0x000020b0       0x16 c:/winavr-20070525/bin/../lib/gcc/avr/4.1.2/../../../../avr/lib/avr5\libc.a(strnlen.o)
                0x000020b0                strnlen
 .text          0x000020c6       0x5a c:/winavr-20070525/bin/../lib/gcc/avr/4.1.2/../../../../avr/lib/avr5\libc.a(fputc.o)
                0x000020c6                fputc
 .text          0x00002120        0x0 c:/winavr-20070525/bin/../lib/gcc/avr/4.1.2/avr5\libgcc.a(_udivmodsi4.o)
                0x00002120                . = ALIGN (0x2)
 *(.text.*)
 .text.libgcc   0x00002120       0x18 c:/winavr-20070525/bin/../lib/gcc/avr/4.1.2/avr5\libgcc.a(_udivmodqi4.o)
                0x00002120                __udivmodqi4
 .text.libgcc   0x00002138       0x26 c:/winavr-20070525/bin/../lib/gcc/avr/4.1.2/avr5\libgcc.a(_divmodhi4.o)
                0x00002138                __divmodhi4
                0x00002138                _div
 .text.libgcc   0x0000215e        0x0 c:/winavr-20070525/bin/../lib/gcc/avr/4.1.2/avr5\libgcc.a(_exit.o)
 .text.libgcc   0x0000215e        0x0 c:/winavr-20070525/bin/../lib/gcc/avr/4.1.2/avr5\libgcc.a(_copy_data.o)
 .text.libgcc   0x0000215e        0x0 c:/winavr-20070525/bin/../lib/gcc/avr/4.1.2/avr5\libgcc.a(_clear_bss.o)
 .text.libgcc   0x0000215e       0x28 c:/winavr-20070525/bin/../lib/gcc/avr/4.1.2/avr5\libgcc.a(_udivmodhi4.o)
                0x0000215e                __udivmodhi4
 .text.libgcc   0x00002186       0x44 c:/winavr-20070525/bin/../lib/gcc/avr/4.1.2/avr5\libgcc.a(_udivmodsi4.o)
                0x00002186                __udivmodsi4
                0x000021ca                . = ALIGN (0x2)
 *(.fini9)
 .fini9         0x000021ca        0x0 c:/winavr-20070525/bin/../lib/gcc/avr/4.1.2/avr5\libgcc.a(_exit.o)
                0x000021ca                exit
                0x000021ca                _exit
 *(.fini9)
 *(.fini8)
 *(.fini8)
 *(.fini7)
 *(.fini7)
 *(.fini6)
 *(.fini6)
 *(.fini5)
 *(.fini5)
 *(.fini4)
 *(.fini4)
 *(.fini3)
 *(.fini3)
 *(.fini2)
 *(.fini2)
 *(.fini1)
 *(.fini1)
 *(.fini0)
 .fini0         0x000021ca        0x2 c:/winavr-20070525/bin/../lib/gcc/avr/4.1.2/avr5\libgcc.a(_exit.o)
 *(.fini0)
                0x000021cc                _etext = .

.data           0x00800100      0x622 load address 0x000021cc
                0x00800100                PROVIDE (__data_start, .)
 *(.data)
 .data          0x00800100        0x0 c:/winavr-20070525/bin/../lib/gcc/avr/4.1.2/../../../../avr/lib/avr5/crtm644.o
 .data          0x00800100      0x622 WithKey.o
                0x0080066f                sch
                0x008004cb                rmnm
                0x00800167                Welup
                0x008005d5                val
                0x008006cf                time
                0x008004c1                onoff
                0x00800377                FontLookup
                0x008006d7                date
                0x00800633                app
                0x00800571                CON
                0x008005d9                set
                0x0080052b                switc
 .data          0x00800722        0x0 c:/winavr-20070525/bin/../lib/gcc/avr/4.1.2/avr5\libgcc.a(_udivmodqi4.o)
 .data          0x00800722        0x0 c:/winavr-20070525/bin/../lib/gcc/avr/4.1.2/avr5\libgcc.a(_divmodhi4.o)
 .data          0x00800722        0x0 c:/winavr-20070525/bin/../lib/gcc/avr/4.1.2/avr5\libgcc.a(_exit.o)
 .data          0x00800722        0x0 c:/winavr-20070525/bin/../lib/gcc/avr/4.1.2/avr5\libgcc.a(_copy_data.o)
 .data          0x00800722        0x0 c:/winavr-20070525/bin/../lib/gcc/avr/4.1.2/avr5\libgcc.a(_clear_bss.o)
 .data          0x00800722        0x0 c:/winavr-20070525/bin/../lib/gcc/avr/4.1.2/avr5\libgcc.a(_udivmodhi4.o)
 .data          0x00800722        0x0 c:/winavr-20070525/bin/../lib/gcc/avr/4.1.2/../../../../avr/lib/avr5\libc.a(atoi.o)
 .data          0x00800722        0x0 c:/winavr-20070525/bin/../lib/gcc/avr/4.1.2/../../../../avr/lib/avr5\libc.a(mul10.o)
 .data          0x00800722        0x0 c:/winavr-20070525/bin/../lib/gcc/avr/4.1.2/../../../../avr/lib/avr5\libc.a(sprintf.o)
 .data          0x00800722        0x0 c:/winavr-20070525/bin/../lib/gcc/avr/4.1.2/../../../../avr/lib/avr5\libc.a(vfprintf_std.o)
 .data          0x00800722        0x0 c:/winavr-20070525/bin/../lib/gcc/avr/4.1.2/../../../../avr/lib/avr5\libc.a(strlen_P.o)
 .data          0x00800722        0x0 c:/winavr-20070525/bin/../lib/gcc/avr/4.1.2/../../../../avr/lib/avr5\libc.a(strnlen_P.o)
 .data          0x00800722        0x0 c:/winavr-20070525/bin/../lib/gcc/avr/4.1.2/../../../../avr/lib/avr5\libc.a(strnlen.o)
 .data          0x00800722        0x0 c:/winavr-20070525/bin/../lib/gcc/avr/4.1.2/../../../../avr/lib/avr5\libc.a(fputc.o)
 .data          0x00800722        0x0 c:/winavr-20070525/bin/../lib/gcc/avr/4.1.2/avr5\libgcc.a(_udivmodsi4.o)
 *(.data*)
 *(.rodata)
 *(.rodata*)
 *(.gnu.linkonce.d*)
                0x00800722                . = ALIGN (0x2)
                0x00800722                _edata = .
                0x00800722                PROVIDE (__data_end, .)

.bss            0x00800722       0x20
                0x00800722                PROVIDE (__bss_start, .)
 *(.bss)
 .bss           0x00800722        0x0 c:/winavr-20070525/bin/../lib/gcc/avr/4.1.2/../../../../avr/lib/avr5/crtm644.o
 .bss           0x00800722        0x2 WithKey.o
                0x00800723                ln
                0x00800722                pos
 .bss           0x00800724        0x0 c:/winavr-20070525/bin/../lib/gcc/avr/4.1.2/avr5\libgcc.a(_udivmodqi4.o)
 .bss           0x00800724        0x0 c:/winavr-20070525/bin/../lib/gcc/avr/4.1.2/avr5\libgcc.a(_divmodhi4.o)
 .bss           0x00800724        0x0 c:/winavr-20070525/bin/../lib/gcc/avr/4.1.2/avr5\libgcc.a(_exit.o)
 .bss           0x00800724        0x0 c:/winavr-20070525/bin/../lib/gcc/avr/4.1.2/avr5\libgcc.a(_copy_data.o)
 .bss           0x00800724        0x0 c:/winavr-20070525/bin/../lib/gcc/avr/4.1.2/avr5\libgcc.a(_clear_bss.o)
 .bss           0x00800724        0x0 c:/winavr-20070525/bin/../lib/gcc/avr/4.1.2/avr5\libgcc.a(_udivmodhi4.o)
 .bss           0x00800724        0x0 c:/winavr-20070525/bin/../lib/gcc/avr/4.1.2/../../../../avr/lib/avr5\libc.a(atoi.o)
 .bss           0x00800724        0x0 c:/winavr-20070525/bin/../lib/gcc/avr/4.1.2/../../../../avr/lib/avr5\libc.a(mul10.o)
 .bss           0x00800724        0x0 c:/winavr-20070525/bin/../lib/gcc/avr/4.1.2/../../../../avr/lib/avr5\libc.a(sprintf.o)
 .bss           0x00800724        0x0 c:/winavr-20070525/bin/../lib/gcc/avr/4.1.2/../../../../avr/lib/avr5\libc.a(vfprintf_std.o)
 .bss           0x00800724        0x0 c:/winavr-20070525/bin/../lib/gcc/avr/4.1.2/../../../../avr/lib/avr5\libc.a(strlen_P.o)
 .bss           0x00800724        0x0 c:/winavr-20070525/bin/../lib/gcc/avr/4.1.2/../../../../avr/lib/avr5\libc.a(strnlen_P.o)
 .bss           0x00800724        0x0 c:/winavr-20070525/bin/../lib/gcc/avr/4.1.2/../../../../avr/lib/avr5\libc.a(strnlen.o)
 .bss           0x00800724        0x0 c:/winavr-20070525/bin/../lib/gcc/avr/4.1.2/../../../../avr/lib/avr5\libc.a(fputc.o)
 .bss           0x00800724        0x0 c:/winavr-20070525/bin/../lib/gcc/avr/4.1.2/avr5\libgcc.a(_udivmodsi4.o)
 *(.bss*)
 *(COMMON)
 COMMON         0x00800724       0x1e WithKey.o
                0x00800724                rd
                0x0080073c                ri
                0x00800742                PROVIDE (__bss_end, .)
                0x000021cc                __data_load_start = LOADADDR (.data)
                0x000027ee                __data_load_end = (__data_load_start + SIZEOF (.data))

.noinit         0x00800742        0x0
                0x00800742                PROVIDE (__noinit_start, .)
 *(.noinit*)
                0x00800742                PROVIDE (__noinit_end, .)
                0x00800742                _end = .
                0x00800742                PROVIDE (__heap_start, .)

.eeprom         0x00810000        0x0
 *(.eeprom*)
                0x00810000                __eeprom_end = .

.stab           0x00000000      0x378
 *(.stab)
 .stab          0x00000000      0x378 c:/winavr-20070525/bin/../lib/gcc/avr/4.1.2/../../../../avr/lib/avr5/crtm644.o

.stabstr        0x00000000       0x71
 *(.stabstr)
 .stabstr       0x00000000       0x71 c:/winavr-20070525/bin/../lib/gcc/avr/4.1.2/../../../../avr/lib/avr5/crtm644.o

.stab.excl
 *(.stab.excl)

.stab.exclstr
 *(.stab.exclstr)

.stab.index
 *(.stab.index)

.stab.indexstr
 *(.stab.indexstr)

.comment
 *(.comment)

.debug
 *(.debug)

.line
 *(.line)

.debug_srcinfo
 *(.debug_srcinfo)

.debug_sfnames
 *(.debug_sfnames)

.debug_aranges  0x00000000       0x20
 *(.debug_aranges)
 .debug_aranges
                0x00000000       0x20 WithKey.o

.debug_pubnames
                0x00000000      0x1af
 *(.debug_pubnames)
 .debug_pubnames
                0x00000000      0x1af WithKey.o

.debug_info     0x00000000      0xd72
 *(.debug_info)
 .debug_info    0x00000000      0xd72 WithKey.o
 *(.gnu.linkonce.wi.*)

.debug_abbrev   0x00000000      0x28a
 *(.debug_abbrev)
 .debug_abbrev  0x00000000      0x28a WithKey.o

.debug_line     0x00000000     0x11ea
 *(.debug_line)
 .debug_line    0x00000000     0x11ea WithKey.o

.debug_frame    0x00000000      0x190
 *(.debug_frame)
 .debug_frame   0x00000000      0x190 WithKey.o

.debug_str      0x00000000      0x237
 *(.debug_str)
 .debug_str     0x00000000      0x237 WithKey.o
                                0x290 (size before relaxing)

.debug_loc      0x00000000      0xa23
 *(.debug_loc)
 .debug_loc     0x00000000      0xa23 WithKey.o

.debug_macinfo
 *(.debug_macinfo)
OUTPUT(WithKey.elf elf32-avr)
LOAD linker stubs
