Archive member included because of file (symbol)

c:/winavr-20070525/bin/../lib/gcc/avr/4.1.2/avr5\libgcc.a(_mulsi3.o)
                              transmit.o (__mulsi3)
c:/winavr-20070525/bin/../lib/gcc/avr/4.1.2/avr5\libgcc.a(_udivmodqi4.o)
                              transmit.o (__udivmodqi4)
c:/winavr-20070525/bin/../lib/gcc/avr/4.1.2/avr5\libgcc.a(_udivmodhi4.o)
                              transmit.o (__udivmodhi4)
c:/winavr-20070525/bin/../lib/gcc/avr/4.1.2/avr5\libgcc.a(_divmodhi4.o)
                              transmit.o (__divmodhi4)
c:/winavr-20070525/bin/../lib/gcc/avr/4.1.2/avr5\libgcc.a(_udivmodsi4.o)
                              transmit.o (__udivmodsi4)
c:/winavr-20070525/bin/../lib/gcc/avr/4.1.2/avr5\libgcc.a(_exit.o)
                              c:/winavr-20070525/bin/../lib/gcc/avr/4.1.2/../../../../avr/lib/avr5/crtm644.o (exit)
c:/winavr-20070525/bin/../lib/gcc/avr/4.1.2/avr5\libgcc.a(_copy_data.o)
                              transmit.o (__do_copy_data)
c:/winavr-20070525/bin/../lib/gcc/avr/4.1.2/avr5\libgcc.a(_clear_bss.o)
                              transmit.o (__do_clear_bss)
c:/winavr-20070525/bin/../lib/gcc/avr/4.1.2/../../../../avr/lib/avr5\libc.a(atoi.o)
                              transmit.o (atoi)
c:/winavr-20070525/bin/../lib/gcc/avr/4.1.2/../../../../avr/lib/avr5\libc.a(mul10.o)
                              c:/winavr-20070525/bin/../lib/gcc/avr/4.1.2/../../../../avr/lib/avr5\libc.a(atoi.o) (__mulhi_const_10)
c:/winavr-20070525/bin/../lib/gcc/avr/4.1.2/../../../../avr/lib/avr5\libc.a(sprintf.o)
                              transmit.o (sprintf)
c:/winavr-20070525/bin/../lib/gcc/avr/4.1.2/../../../../avr/lib/avr5\libc.a(vfprintf_std.o)
                              c:/winavr-20070525/bin/../lib/gcc/avr/4.1.2/../../../../avr/lib/avr5\libc.a(sprintf.o) (vfprintf)
c:/winavr-20070525/bin/../lib/gcc/avr/4.1.2/../../../../avr/lib/avr5\libc.a(strlen_P.o)
                              c:/winavr-20070525/bin/../lib/gcc/avr/4.1.2/../../../../avr/lib/avr5\libc.a(vfprintf_std.o) (strlen_P)
c:/winavr-20070525/bin/../lib/gcc/avr/4.1.2/../../../../avr/lib/avr5\libc.a(strnlen_P.o)
                              c:/winavr-20070525/bin/../lib/gcc/avr/4.1.2/../../../../avr/lib/avr5\libc.a(vfprintf_std.o) (strnlen_P)
c:/winavr-20070525/bin/../lib/gcc/avr/4.1.2/../../../../avr/lib/avr5\libc.a(strnlen.o)
                              c:/winavr-20070525/bin/../lib/gcc/avr/4.1.2/../../../../avr/lib/avr5\libc.a(vfprintf_std.o) (strnlen)
c:/winavr-20070525/bin/../lib/gcc/avr/4.1.2/../../../../avr/lib/avr5\libc.a(fputc.o)
                              c:/winavr-20070525/bin/../lib/gcc/avr/4.1.2/../../../../avr/lib/avr5\libc.a(vfprintf_std.o) (fputc)

Allocating common symbols
Common symbol       size              file

fh                  0x1               transmit.o
uartReadyTx         0x1               transmit.o
packet              0x75              transmit.o
uartRxBuffer        0x8               transmit.o
rfSettings          0x9               transmit.o
fm                  0x1               transmit.o
rfRxInfo            0xa               transmit.o
spiTransferComplete
                    0x1               transmit.o
uartBufferedTx      0x1               transmit.o
nm                  0x1               transmit.o
pRxBuffer           0x80              transmit.o
nap11               0x1               transmit.o
fap11               0x1               transmit.o
a2dCompleteFlag     0x1               transmit.o
rd                  0x18              transmit.o
nh                  0x1               transmit.o
ri                  0x1e              transmit.o
rfTxInfo            0x8               transmit.o
uartTxBuffer        0x8               transmit.o
uartRxOverflow      0x2               transmit.o
pTxBuffer           0x80              transmit.o

Discarded input sections

 .stabstr       0x00000000        0x0 c:/winavr-20070525/bin/../lib/gcc/avr/4.1.2/../../../../avr/lib/avr5/crtm644.o

Memory Configuration

Name             Origin             Length             Attributes
text             0x00000000         0x00020000         xr
data             0x00800060         0x0000ffa0         rw !x
eeprom           0x00810000         0x00010000         rw !x
*default*        0x00000000         0xffffffff

Linker script and memory map

Address of section .data set to 0x800100
LOAD c:/winavr-20070525/bin/../lib/gcc/avr/4.1.2/../../../../avr/lib/avr5/crtm644.o
LOAD transmit.o
LOAD c:/winavr-20070525/bin/../lib/gcc/avr/4.1.2/avr5\libgcc.a
LOAD c:/winavr-20070525/bin/../lib/gcc/avr/4.1.2/../../../../avr/lib/avr5\libc.a
LOAD c:/winavr-20070525/bin/../lib/gcc/avr/4.1.2/avr5\libgcc.a

.hash
 *(.hash)

.dynsym
 *(.dynsym)

.dynstr
 *(.dynstr)

.gnu.version
 *(.gnu.version)

.gnu.version_d
 *(.gnu.version_d)

.gnu.version_r
 *(.gnu.version_r)

.rel.init
 *(.rel.init)

.rela.init
 *(.rela.init)

.rel.text
 *(.rel.text)
 *(.rel.text.*)
 *(.rel.gnu.linkonce.t*)

.rela.text
 *(.rela.text)
 *(.rela.text.*)
 *(.rela.gnu.linkonce.t*)

.rel.fini
 *(.rel.fini)

.rela.fini
 *(.rela.fini)

.rel.rodata
 *(.rel.rodata)
 *(.rel.rodata.*)
 *(.rel.gnu.linkonce.r*)

.rela.rodata
 *(.rela.rodata)
 *(.rela.rodata.*)
 *(.rela.gnu.linkonce.r*)

.rel.data
 *(.rel.data)
 *(.rel.data.*)
 *(.rel.gnu.linkonce.d*)

.rela.data
 *(.rela.data)
 *(.rela.data.*)
 *(.rela.gnu.linkonce.d*)

.rel.ctors
 *(.rel.ctors)

.rela.ctors
 *(.rela.ctors)

.rel.dtors
 *(.rel.dtors)

.rela.dtors
 *(.rela.dtors)

.rel.got
 *(.rel.got)

.rela.got
 *(.rela.got)

.rel.bss
 *(.rel.bss)

.rela.bss
 *(.rela.bss)

.rel.plt
 *(.rel.plt)

.rela.plt
 *(.rela.plt)

.text           0x00000000     0x46b2
 *(.vectors)
 .vectors       0x00000000       0x70 c:/winavr-20070525/bin/../lib/gcc/avr/4.1.2/../../../../avr/lib/avr5/crtm644.o
                0x00000000                __vectors
                0x00000000                __vector_default
 *(.vectors)
 *(.progmem.gcc*)
 *(.progmem*)
 .progmem.data  0x00000070      0x1b6 transmit.o
                0x00000226                . = ALIGN (0x2)
                0x00000226                __trampolines_start = .
 *(.trampolines)
 .trampolines   0x00000226        0x0 linker stubs
 *(.trampolines*)
                0x00000226                __trampolines_end = .
 *(.jumptables)
 *(.jumptables*)
 *(.lowtext)
 *(.lowtext*)
                0x00000226                __ctors_start = .
 *(.ctors)
                0x00000226                __ctors_end = .
                0x00000226                __dtors_start = .
 *(.dtors)
                0x00000226                __dtors_end = .
 SORT(*)(.ctors)
 SORT(*)(.dtors)
 *(.init0)
 .init0         0x00000226        0x0 c:/winavr-20070525/bin/../lib/gcc/avr/4.1.2/../../../../avr/lib/avr5/crtm644.o
                0x00000226                __init
 *(.init0)
 *(.init1)
 *(.init1)
 *(.init2)
 .init2         0x00000226        0xc c:/winavr-20070525/bin/../lib/gcc/avr/4.1.2/../../../../avr/lib/avr5/crtm644.o
 *(.init2)
 *(.init3)
 *(.init3)
 *(.init4)
 .init4         0x00000232       0x16 c:/winavr-20070525/bin/../lib/gcc/avr/4.1.2/avr5\libgcc.a(_copy_data.o)
                0x00000232                __do_copy_data
 .init4         0x00000248       0x10 c:/winavr-20070525/bin/../lib/gcc/avr/4.1.2/avr5\libgcc.a(_clear_bss.o)
                0x00000248                __do_clear_bss
 *(.init4)
 *(.init5)
 *(.init5)
 *(.init6)
 *(.init6)
 *(.init7)
 *(.init7)
 *(.init8)
 *(.init8)
 *(.init9)
 .init9         0x00000258        0x8 c:/winavr-20070525/bin/../lib/gcc/avr/4.1.2/../../../../avr/lib/avr5/crtm644.o
 *(.init9)
 *(.text)
 .text          0x00000260        0x4 c:/winavr-20070525/bin/../lib/gcc/avr/4.1.2/../../../../avr/lib/avr5/crtm644.o
                0x00000260                __vector_1
                0x00000260                __vector_12
                0x00000260                __bad_interrupt
                0x00000260                __vector_6
                0x00000260                __vector_3
                0x00000260                __vector_23
                0x00000260                __vector_25
                0x00000260                __vector_11
                0x00000260                __vector_13
                0x00000260                __vector_17
                0x00000260                __vector_19
                0x00000260                __vector_7
                0x00000260                __vector_27
                0x00000260                __vector_5
                0x00000260                __vector_4
                0x00000260                __vector_9
                0x00000260                __vector_21
                0x00000260                __vector_15
                0x00000260                __vector_8
                0x00000260                __vector_14
                0x00000260                __vector_10
                0x00000260                __vector_16
                0x00000260                __vector_18
 .text          0x00000264     0x3c86 transmit.o
                0x00000646                __vector_22
                0x00000f9c                cc2420WriteReg
                0x00000a20                i2cInit
                0x00001cce                rmdisp
                0x00001f9c                swi
                0x000008e4                spiTransferWord
                0x00000e42                i2cMasterTransferNI
                0x00000a82                i2cSendStart
                0x0000219c                schd
                0x00002960                SchTimeChk
                0x00003ec8                uartSendTxBuffer
                0x0000096c                a2dIsComplete
                0x00000c34                readtemp
                0x00001536                LCDCLR
                0x000023b0                rprintf1RamRom
                0x000014ee                LCDINI
                0x00001630                scrol
                0x00000a9e                i2cWaitForComplete
                0x00001778                SchTimeSet
                0x00001ac6                LCDEN
                0x000008be                spiSendByte
                0x00000334                uartSendByte
                0x00000862                bufferIsNotFull
                0x000010aa                cc2420DumpFifo
                0x00002cda                TimeSet
                0x000009bc                a2dConvert8bit
                0x000005fa                bufferGetFromFront
                0x00000434                rprintfu08
                0x00000bf0                ds1624_check
                0x000009cc                __vector_24
                0x00000ad6                i2cGetReceivedByte
                0x00000264                uartInitBuffers
                0x00000464                rprintfu32
                0x00000380                rprintfStr
                0x000013c8                delayms
                0x00003b28                i2cMasterSend
                0x0000136e                basicRfReceiveOn
                0x00000bb8                ds1624_startconvert
                0x0000076a                bufferGetAtIndex
                0x000006b6                uartReceiveByte
                0x0000039e                rprintfStrLen
                0x00000914                a2dOff
                0x00000d84                ds1307_check
                0x00003adc                i2cMasterReceive
                0x000003f0                rprintfProgStr
                0x00000926                a2dSetPrescaler
                0x000027b6                NameSet
                0x0000146a                LCDGOTOXY
                0x00001570                LCDBRD
                0x0000072a                bufferDumpFromFront
                0x0000044a                rprintfu16
                0x00001724                getdKey
                0x00000854                uartAddToTxBuffer
                0x00000d76                initI2c
                0x00001058                cc2420Command
                0x00001038                cc2420SetChannel
                0x0000036a                rprintfInit
                0x00000ae6                i2cMasterSendNI
                0x000013c6                delaym
                0x000002b2                uartSetRxHandler
                0x00000a6e                i2cSetSlaveReceiveHandler
                0x00000b76                i2cGetState
                0x00000978                a2dConvert10bit
                0x00001c24                LCDSTR
                0x00003e86                a2dInit
                0x00000348                uartFlushReceiveBuffer
                0x00000374                rprintfChar
                0x00001384                basicRfReceiveOff
                0x00000f50                DS1307_get
                0x000002f4                uartInit
                0x00001062                cc2420GetStatus
                0x00000352                uartReceiveBufferIsEmpty
                0x00000b7e                ds1624_config
                0x00000934                a2dSetReference
                0x00003228                cc2420Init
                0x00000fbe                cc2420WriteRam
                0x00000410                rprintfCRLF
                0x000002bc                uartSetBaudRate
                0x00001492                LCDNF
                0x00000d30                ds1624_readtemp
                0x000033da                main
                0x00000886                spiInit
                0x0000337a                initAll
                0x00000ade                i2cGetStatus
                0x000008cc                spiTransferByte
                0x00002506                getKey
                0x0000032e                uartGetTxBuffer
                0x00000aa8                i2cSendByte
                0x00002a8e                nwkpacketsend
                0x000006ee                uartGetByte
                0x00000a78                i2cSetSlaveTransmitHandler
                0x00000328                uartGetRxBuffer
                0x000011ec                __vector_2
                0x00001410                LCDDEC
                0x00001072                cc2420ReadFifo
                0x00000e04                DS1307_setdate
                0x00000a5e                i2cSetLocalDeviceAddr
                0x00001396                portInit
                0x000010ce                cc2420SendPck
                0x000013f2                spi_write
                0x00000dc8                DS1307_settime
                0x00003dc6                i2cMasterReceiveNI
                0x0000041e                rprintfu04
                0x00003b6c                __vector_26
                0x00001006                cc2420WriteFifo
                0x00002b4e                nwkpacketrec
                0x000005e6                bufferInit
                0x0000078e                bufferAddToEnd
                0x00001a08                LCDMEN
                0x0000087e                bufferFlush
                0x00001442                LCDDIR
                0x00000aba                i2cReceiveByte
                0x000009ea                i2cSetBitrate
                0x00003e68                initUart
                0x000007d4                __vector_20
                0x0000094a                a2dSetChannel
                0x00000488                rprintfNum
                0x0000095a                a2dStartConvert
                0x00001c9e                pirmotion
                0x00000a90                i2cSendStop
 .text          0x00003eea        0x0 c:/winavr-20070525/bin/../lib/gcc/avr/4.1.2/avr5\libgcc.a(_mulsi3.o)
 .text          0x00003eea        0x0 c:/winavr-20070525/bin/../lib/gcc/avr/4.1.2/avr5\libgcc.a(_udivmodqi4.o)
 .text          0x00003eea        0x0 c:/winavr-20070525/bin/../lib/gcc/avr/4.1.2/avr5\libgcc.a(_udivmodhi4.o)
 .text          0x00003eea        0x0 c:/winavr-20070525/bin/../lib/gcc/avr/4.1.2/avr5\libgcc.a(_divmodhi4.o)
 .text          0x00003eea        0x0 c:/winavr-20070525/bin/../lib/gcc/avr/4.1.2/avr5\libgcc.a(_udivmodsi4.o)
 .text          0x00003eea        0x0 c:/winavr-20070525/bin/../lib/gcc/avr/4.1.2/avr5\libgcc.a(_exit.o)
 .text          0x00003eea        0x0 c:/winavr-20070525/bin/../lib/gcc/avr/4.1.2/avr5\libgcc.a(_copy_data.o)
 .text          0x00003eea        0x0 c:/winavr-20070525/bin/../lib/gcc/avr/4.1.2/avr5\libgcc.a(_clear_bss.o)
 .text          0x00003eea       0x3c c:/winavr-20070525/bin/../lib/gcc/avr/4.1.2/../../../../avr/lib/avr5\libc.a(atoi.o)
                0x00003eea                atoi
 .text          0x00003f26       0x10 c:/winavr-20070525/bin/../lib/gcc/avr/4.1.2/../../../../avr/lib/avr5\libc.a(mul10.o)
                0x00003f26                __mulhi_const_10
 .text          0x00003f36       0x64 c:/winavr-20070525/bin/../lib/gcc/avr/4.1.2/../../../../avr/lib/avr5\libc.a(sprintf.o)
                0x00003f36                sprintf
 .text          0x00003f9a      0x596 c:/winavr-20070525/bin/../lib/gcc/avr/4.1.2/../../../../avr/lib/avr5\libc.a(vfprintf_std.o)
                0x00003f9a                vfprintf
 .text          0x00004530       0x12 c:/winavr-20070525/bin/../lib/gcc/avr/4.1.2/../../../../avr/lib/avr5\libc.a(strlen_P.o)
                0x00004530                strlen_P
 .text          0x00004542       0x16 c:/winavr-20070525/bin/../lib/gcc/avr/4.1.2/../../../../avr/lib/avr5\libc.a(strnlen_P.o)
                0x00004542                strnlen_P
 .text          0x00004558       0x16 c:/winavr-20070525/bin/../lib/gcc/avr/4.1.2/../../../../avr/lib/avr5\libc.a(strnlen.o)
                0x00004558                strnlen
 .text          0x0000456e       0x5a c:/winavr-20070525/bin/../lib/gcc/avr/4.1.2/../../../../avr/lib/avr5\libc.a(fputc.o)
                0x0000456e                fputc
                0x000045c8                . = ALIGN (0x2)
 *(.text.*)
 .text.libgcc   0x000045c8       0x3e c:/winavr-20070525/bin/../lib/gcc/avr/4.1.2/avr5\libgcc.a(_mulsi3.o)
                0x000045c8                __mulsi3
 .text.libgcc   0x00004606       0x18 c:/winavr-20070525/bin/../lib/gcc/avr/4.1.2/avr5\libgcc.a(_udivmodqi4.o)
                0x00004606                __udivmodqi4
 .text.libgcc   0x0000461e       0x28 c:/winavr-20070525/bin/../lib/gcc/avr/4.1.2/avr5\libgcc.a(_udivmodhi4.o)
                0x0000461e                __udivmodhi4
 .text.libgcc   0x00004646       0x26 c:/winavr-20070525/bin/../lib/gcc/avr/4.1.2/avr5\libgcc.a(_divmodhi4.o)
                0x00004646                __divmodhi4
                0x00004646                _div
 .text.libgcc   0x0000466c       0x44 c:/winavr-20070525/bin/../lib/gcc/avr/4.1.2/avr5\libgcc.a(_udivmodsi4.o)
                0x0000466c                __udivmodsi4
 .text.libgcc   0x000046b0        0x0 c:/winavr-20070525/bin/../lib/gcc/avr/4.1.2/avr5\libgcc.a(_exit.o)
 .text.libgcc   0x000046b0        0x0 c:/winavr-20070525/bin/../lib/gcc/avr/4.1.2/avr5\libgcc.a(_copy_data.o)
 .text.libgcc   0x000046b0        0x0 c:/winavr-20070525/bin/../lib/gcc/avr/4.1.2/avr5\libgcc.a(_clear_bss.o)
                0x000046b0                . = ALIGN (0x2)
 *(.fini9)
 .fini9         0x000046b0        0x0 c:/winavr-20070525/bin/../lib/gcc/avr/4.1.2/avr5\libgcc.a(_exit.o)
                0x000046b0                exit
                0x000046b0                _exit
 *(.fini9)
 *(.fini8)
 *(.fini8)
 *(.fini7)
 *(.fini7)
 *(.fini6)
 *(.fini6)
 *(.fini5)
 *(.fini5)
 *(.fini4)
 *(.fini4)
 *(.fini3)
 *(.fini3)
 *(.fini2)
 *(.fini2)
 *(.fini1)
 *(.fini1)
 *(.fini0)
 .fini0         0x000046b0        0x2 c:/winavr-20070525/bin/../lib/gcc/avr/4.1.2/avr5\libgcc.a(_exit.o)
 *(.fini0)
                0x000046b2                _etext = .

.data           0x00800100      0x67e load address 0x000046b2
                0x00800100                PROVIDE (__data_start, .)
 *(.data)
 .data          0x00800100        0x0 c:/winavr-20070525/bin/../lib/gcc/avr/4.1.2/../../../../avr/lib/avr5/crtm644.o
 .data          0x00800100      0x67e transmit.o
                0x008006db                sch
                0x00800505                rmnm
                0x008001a1                Welup
                0x00800641                val
                0x0080072b                time
                0x008004fb                onoff
                0x008003b1                FontLookup
                0x00800733                date
                0x0080069f                app
                0x008005f1                CON
                0x00800645                set
                0x00800565                switc
 .data          0x0080077e        0x0 c:/winavr-20070525/bin/../lib/gcc/avr/4.1.2/avr5\libgcc.a(_mulsi3.o)
 .data          0x0080077e        0x0 c:/winavr-20070525/bin/../lib/gcc/avr/4.1.2/avr5\libgcc.a(_udivmodqi4.o)
 .data          0x0080077e        0x0 c:/winavr-20070525/bin/../lib/gcc/avr/4.1.2/avr5\libgcc.a(_udivmodhi4.o)
 .data          0x0080077e        0x0 c:/winavr-20070525/bin/../lib/gcc/avr/4.1.2/avr5\libgcc.a(_divmodhi4.o)
 .data          0x0080077e        0x0 c:/winavr-20070525/bin/../lib/gcc/avr/4.1.2/avr5\libgcc.a(_udivmodsi4.o)
 .data          0x0080077e        0x0 c:/winavr-20070525/bin/../lib/gcc/avr/4.1.2/avr5\libgcc.a(_exit.o)
 .data          0x0080077e        0x0 c:/winavr-20070525/bin/../lib/gcc/avr/4.1.2/avr5\libgcc.a(_copy_data.o)
 .data          0x0080077e        0x0 c:/winavr-20070525/bin/../lib/gcc/avr/4.1.2/avr5\libgcc.a(_clear_bss.o)
 .data          0x0080077e        0x0 c:/winavr-20070525/bin/../lib/gcc/avr/4.1.2/../../../../avr/lib/avr5\libc.a(atoi.o)
 .data          0x0080077e        0x0 c:/winavr-20070525/bin/../lib/gcc/avr/4.1.2/../../../../avr/lib/avr5\libc.a(mul10.o)
 .data          0x0080077e        0x0 c:/winavr-20070525/bin/../lib/gcc/avr/4.1.2/../../../../avr/lib/avr5\libc.a(sprintf.o)
 .data          0x0080077e        0x0 c:/winavr-20070525/bin/../lib/gcc/avr/4.1.2/../../../../avr/lib/avr5\libc.a(vfprintf_std.o)
 .data          0x0080077e        0x0 c:/winavr-20070525/bin/../lib/gcc/avr/4.1.2/../../../../avr/lib/avr5\libc.a(strlen_P.o)
 .data          0x0080077e        0x0 c:/winavr-20070525/bin/../lib/gcc/avr/4.1.2/../../../../avr/lib/avr5\libc.a(strnlen_P.o)
 .data          0x0080077e        0x0 c:/winavr-20070525/bin/../lib/gcc/avr/4.1.2/../../../../avr/lib/avr5\libc.a(strnlen.o)
 .data          0x0080077e        0x0 c:/winavr-20070525/bin/../lib/gcc/avr/4.1.2/../../../../avr/lib/avr5\libc.a(fputc.o)
 *(.data*)
 *(.rodata)
 *(.rodata*)
 *(.gnu.linkonce.d*)
                0x0080077e                . = ALIGN (0x2)
                0x0080077e                _edata = .
                0x0080077e                PROVIDE (__data_end, .)

.bss            0x0080077e      0x2b3
                0x0080077e                PROVIDE (__bss_start, .)
 *(.bss)
 .bss           0x0080077e        0x0 c:/winavr-20070525/bin/../lib/gcc/avr/4.1.2/../../../../avr/lib/avr5/crtm644.o
 .bss           0x0080077e       0xd1 transmit.o
                0x00800780                ln
                0x0080077f                pos
                0x0080077e                flag
 .bss           0x0080084f        0x0 c:/winavr-20070525/bin/../lib/gcc/avr/4.1.2/avr5\libgcc.a(_mulsi3.o)
 .bss           0x0080084f        0x0 c:/winavr-20070525/bin/../lib/gcc/avr/4.1.2/avr5\libgcc.a(_udivmodqi4.o)
 .bss           0x0080084f        0x0 c:/winavr-20070525/bin/../lib/gcc/avr/4.1.2/avr5\libgcc.a(_udivmodhi4.o)
 .bss           0x0080084f        0x0 c:/winavr-20070525/bin/../lib/gcc/avr/4.1.2/avr5\libgcc.a(_divmodhi4.o)
 .bss           0x0080084f        0x0 c:/winavr-20070525/bin/../lib/gcc/avr/4.1.2/avr5\libgcc.a(_udivmodsi4.o)
 .bss           0x0080084f        0x0 c:/winavr-20070525/bin/../lib/gcc/avr/4.1.2/avr5\libgcc.a(_exit.o)
 .bss           0x0080084f        0x0 c:/winavr-20070525/bin/../lib/gcc/avr/4.1.2/avr5\libgcc.a(_copy_data.o)
 .bss           0x0080084f        0x0 c:/winavr-20070525/bin/../lib/gcc/avr/4.1.2/avr5\libgcc.a(_clear_bss.o)
 .bss           0x0080084f        0x0 c:/winavr-20070525/bin/../lib/gcc/avr/4.1.2/../../../../avr/lib/avr5\libc.a(atoi.o)
 .bss           0x0080084f        0x0 c:/winavr-20070525/bin/../lib/gcc/avr/4.1.2/../../../../avr/lib/avr5\libc.a(mul10.o)
 .bss           0x0080084f        0x0 c:/winavr-20070525/bin/../lib/gcc/avr/4.1.2/../../../../avr/lib/avr5\libc.a(sprintf.o)
 .bss           0x0080084f        0x0 c:/winavr-20070525/bin/../lib/gcc/avr/4.1.2/../../../../avr/lib/avr5\libc.a(vfprintf_std.o)
 .bss           0x0080084f        0x0 c:/winavr-20070525/bin/../lib/gcc/avr/4.1.2/../../../../avr/lib/avr5\libc.a(strlen_P.o)
 .bss           0x0080084f        0x0 c:/winavr-20070525/bin/../lib/gcc/avr/4.1.2/../../../../avr/lib/avr5\libc.a(strnlen_P.o)
 .bss           0x0080084f        0x0 c:/winavr-20070525/bin/../lib/gcc/avr/4.1.2/../../../../avr/lib/avr5\libc.a(strnlen.o)
 .bss           0x0080084f        0x0 c:/winavr-20070525/bin/../lib/gcc/avr/4.1.2/../../../../avr/lib/avr5\libc.a(fputc.o)
 *(.bss*)
 *(COMMON)
 COMMON         0x0080084f      0x1e2 transmit.o
                0x0080084f                fh
                0x00800850                uartReadyTx
                0x00800851                packet
                0x008008c6                uartRxBuffer
                0x008008ce                rfSettings
                0x008008d7                fm
                0x008008d8                rfRxInfo
                0x008008e2                spiTransferComplete
                0x008008e3                uartBufferedTx
                0x008008e4                nm
                0x008008e5                pRxBuffer
                0x00800965                nap11
                0x00800966                fap11
                0x00800967                a2dCompleteFlag
                0x00800968                rd
                0x00800980                nh
                0x00800981                ri
                0x0080099f                rfTxInfo
                0x008009a7                uartTxBuffer
                0x008009af                uartRxOverflow
                0x008009b1                pTxBuffer
                0x00800a31                PROVIDE (__bss_end, .)
                0x000046b2                __data_load_start = LOADADDR (.data)
                0x00004d30                __data_load_end = (__data_load_start + SIZEOF (.data))

.noinit         0x00800a31        0x0
                0x00800a31                PROVIDE (__noinit_start, .)
 *(.noinit*)
                0x00800a31                PROVIDE (__noinit_end, .)
                0x00800a31                _end = .
                0x00800a31                PROVIDE (__heap_start, .)

.eeprom         0x00810000        0x0
 *(.eeprom*)
                0x00810000                __eeprom_end = .

.stab           0x00000000      0x378
 *(.stab)
 .stab          0x00000000      0x378 c:/winavr-20070525/bin/../lib/gcc/avr/4.1.2/../../../../avr/lib/avr5/crtm644.o

.stabstr        0x00000000       0x71
 *(.stabstr)
 .stabstr       0x00000000       0x71 c:/winavr-20070525/bin/../lib/gcc/avr/4.1.2/../../../../avr/lib/avr5/crtm644.o

.stab.excl
 *(.stab.excl)

.stab.exclstr
 *(.stab.exclstr)

.stab.index
 *(.stab.index)

.stab.indexstr
 *(.stab.indexstr)

.comment
 *(.comment)

.debug
 *(.debug)

.line
 *(.line)

.debug_srcinfo
 *(.debug_srcinfo)

.debug_sfnames
 *(.debug_sfnames)

.debug_aranges  0x00000000       0x20
 *(.debug_aranges)
 .debug_aranges
                0x00000000       0x20 transmit.o

.debug_pubnames
                0x00000000      0x9a1
 *(.debug_pubnames)
 .debug_pubnames
                0x00000000      0x9a1 transmit.o

.debug_info     0x00000000     0x3b41
 *(.debug_info)
 .debug_info    0x00000000     0x3b41 transmit.o
 *(.gnu.linkonce.wi.*)

.debug_abbrev   0x00000000      0x45f
 *(.debug_abbrev)
 .debug_abbrev  0x00000000      0x45f transmit.o

.debug_line     0x00000000     0x30ab
 *(.debug_line)
 .debug_line    0x00000000     0x30ab transmit.o

.debug_frame    0x00000000      0x790
 *(.debug_frame)
 .debug_frame   0x00000000      0x790 transmit.o

.debug_str      0x00000000      0xc6e
 *(.debug_str)
 .debug_str     0x00000000      0xc6e transmit.o
                                0xd1a (size before relaxing)

.debug_loc      0x00000000     0x1c2e
 *(.debug_loc)
 .debug_loc     0x00000000     0x1c2e transmit.o

.debug_macinfo
 *(.debug_macinfo)
OUTPUT(transmit.elf elf32-avr)
LOAD linker stubs
