Archive member included because of file (symbol)

c:/winavr-20070525/bin/../lib/gcc/avr/4.1.2/avr5\libgcc.a(_mulsi3.o)
                              uart3.o (__mulsi3)
c:/winavr-20070525/bin/../lib/gcc/avr/4.1.2/avr5\libgcc.a(_udivmodhi4.o)
                              uart3.o (__udivmodhi4)
c:/winavr-20070525/bin/../lib/gcc/avr/4.1.2/avr5\libgcc.a(_udivmodsi4.o)
                              uart3.o (__udivmodsi4)
c:/winavr-20070525/bin/../lib/gcc/avr/4.1.2/avr5\libgcc.a(_divmodsi4.o)
                              uart3.o (__divmodsi4)
c:/winavr-20070525/bin/../lib/gcc/avr/4.1.2/avr5\libgcc.a(_exit.o)
                              c:/winavr-20070525/bin/../lib/gcc/avr/4.1.2/../../../../avr/lib/avr5/crtm32.o (exit)
c:/winavr-20070525/bin/../lib/gcc/avr/4.1.2/avr5\libgcc.a(_copy_data.o)
                              uart3.o (__do_copy_data)
c:/winavr-20070525/bin/../lib/gcc/avr/4.1.2/avr5\libgcc.a(_clear_bss.o)
                              uart3.o (__do_clear_bss)

Allocating common symbols
Common symbol       size              file

Timer0Reg0          0x4               uart3.o
TimerPauseReg       0x4               uart3.o
Timer2Reg0          0x4               uart3.o
q                   0x2               uart3.o

Discarded input sections

 .stabstr       0x00000000        0x0 c:/winavr-20070525/bin/../lib/gcc/avr/4.1.2/../../../../avr/lib/avr5/crtm32.o

Memory Configuration

Name             Origin             Length             Attributes
text             0x00000000         0x00020000         xr
data             0x00800060         0x0000ffa0         rw !x
eeprom           0x00810000         0x00010000         rw !x
*default*        0x00000000         0xffffffff

Linker script and memory map

LOAD c:/winavr-20070525/bin/../lib/gcc/avr/4.1.2/../../../../avr/lib/avr5/crtm32.o
LOAD uart3.o
LOAD c:/winavr-20070525/bin/../lib/gcc/avr/4.1.2/avr5\libgcc.a
LOAD c:/winavr-20070525/bin/../lib/gcc/avr/4.1.2/../../../../avr/lib/avr5\libc.a
LOAD c:/winavr-20070525/bin/../lib/gcc/avr/4.1.2/avr5\libgcc.a

.hash
 *(.hash)

.dynsym
 *(.dynsym)

.dynstr
 *(.dynstr)

.gnu.version
 *(.gnu.version)

.gnu.version_d
 *(.gnu.version_d)

.gnu.version_r
 *(.gnu.version_r)

.rel.init
 *(.rel.init)

.rela.init
 *(.rela.init)

.rel.text
 *(.rel.text)
 *(.rel.text.*)
 *(.rel.gnu.linkonce.t*)

.rela.text
 *(.rela.text)
 *(.rela.text.*)
 *(.rela.gnu.linkonce.t*)

.rel.fini
 *(.rel.fini)

.rela.fini
 *(.rela.fini)

.rel.rodata
 *(.rel.rodata)
 *(.rel.rodata.*)
 *(.rel.gnu.linkonce.r*)

.rela.rodata
 *(.rela.rodata)
 *(.rela.rodata.*)
 *(.rela.gnu.linkonce.r*)

.rel.data
 *(.rel.data)
 *(.rel.data.*)
 *(.rel.gnu.linkonce.d*)

.rela.data
 *(.rela.data)
 *(.rela.data.*)
 *(.rela.gnu.linkonce.d*)

.rel.ctors
 *(.rel.ctors)

.rela.ctors
 *(.rela.ctors)

.rel.dtors
 *(.rel.dtors)

.rela.dtors
 *(.rela.dtors)

.rel.got
 *(.rel.got)

.rela.got
 *(.rela.got)

.rel.bss
 *(.rel.bss)

.rela.bss
 *(.rela.bss)

.rel.plt
 *(.rel.plt)

.rela.plt
 *(.rela.plt)

.text           0x00000000     0x1236
 *(.vectors)
 .vectors       0x00000000       0x54 c:/winavr-20070525/bin/../lib/gcc/avr/4.1.2/../../../../avr/lib/avr5/crtm32.o
                0x00000000                __vectors
                0x00000000                __vector_default
 *(.vectors)
 *(.progmem.gcc*)
 *(.progmem*)
 .progmem.data  0x00000054       0x2d uart3.o
                0x00000060                TimerRTCPrescaleFactor
                0x00000054                TimerPrescaleFactor
                0x00000082                . = ALIGN (0x2)
 *fill*         0x00000081        0x1 00
                0x00000082                __trampolines_start = .
 *(.trampolines)
 .trampolines   0x00000082        0x0 linker stubs
 *(.trampolines*)
                0x00000082                __trampolines_end = .
 *(.jumptables)
 *(.jumptables*)
 *(.lowtext)
 *(.lowtext*)
                0x00000082                __ctors_start = .
 *(.ctors)
                0x00000082                __ctors_end = .
                0x00000082                __dtors_start = .
 *(.dtors)
                0x00000082                __dtors_end = .
 SORT(*)(.ctors)
 SORT(*)(.dtors)
 *(.init0)
 .init0         0x00000082        0x0 c:/winavr-20070525/bin/../lib/gcc/avr/4.1.2/../../../../avr/lib/avr5/crtm32.o
                0x00000082                __init
 *(.init0)
 *(.init1)
 *(.init1)
 *(.init2)
 .init2         0x00000082        0xc c:/winavr-20070525/bin/../lib/gcc/avr/4.1.2/../../../../avr/lib/avr5/crtm32.o
 *(.init2)
 *(.init3)
 *(.init3)
 *(.init4)
 .init4         0x0000008e       0x16 c:/winavr-20070525/bin/../lib/gcc/avr/4.1.2/avr5\libgcc.a(_copy_data.o)
                0x0000008e                __do_copy_data
 .init4         0x000000a4       0x10 c:/winavr-20070525/bin/../lib/gcc/avr/4.1.2/avr5\libgcc.a(_clear_bss.o)
                0x000000a4                __do_clear_bss
 *(.init4)
 *(.init5)
 *(.init5)
 *(.init6)
 *(.init6)
 *(.init7)
 *(.init7)
 *(.init8)
 *(.init8)
 *(.init9)
 .init9         0x000000b4        0x8 c:/winavr-20070525/bin/../lib/gcc/avr/4.1.2/../../../../avr/lib/avr5/crtm32.o
 *(.init9)
 *(.text)
 .text          0x000000bc        0x4 c:/winavr-20070525/bin/../lib/gcc/avr/4.1.2/../../../../avr/lib/avr5/crtm32.o
                0x000000bc                __vector_1
                0x000000bc                __vector_12
                0x000000bc                __bad_interrupt
                0x000000bc                __vector_3
                0x000000bc                __vector_13
                0x000000bc                __vector_17
                0x000000bc                __vector_19
                0x000000bc                __vector_2
                0x000000bc                __vector_15
                0x000000bc                __vector_14
                0x000000bc                __vector_16
                0x000000bc                __vector_18
                0x000000bc                __vector_20
 .text          0x000000c0     0x1094 uart3.o
                0x000002d6                timer2GetOverflowCount
                0x00000190                timerDetach
                0x0000081e                uartswInitBuffers
                0x00000124                timer1SetPrescaler
                0x00000ef2                rprintf1RamRom
                0x000007fa                bufferIsNotFull
                0x00000836                uartswSendByte
                0x000006de                bufferGetFromFront
                0x00000e2c                ser2_ischar
                0x00000a84                rprintfu08
                0x00000368                timer1PWMBOff
                0x00000164                timer2GetPrescaler
                0x00000ab4                rprintfu32
                0x000009d6                rprintfStr
                0x0000077e                bufferGetAtIndex
                0x00000610                __vector_6
                0x000000c2                timer0Init
                0x0000035a                timer1PWMAOff
                0x00000830                uartswGetRxBuffer
                0x000009f4                rprintfStrLen
                0x0000037c                timer1PWMBSet
                0x000008f8                uartswRxBitService
                0x00000a46                rprintfProgStr
                0x0000073a                bufferDumpFromFront
                0x00000a9a                rprintfu16
                0x00000382                __vector_11
                0x000009a8                rprintfInit
                0x00000318                timer1PWMInitICR
                0x00000e66                ser2_print
                0x00000138                timer0GetPrescaler
                0x0000055c                __vector_7
                0x000009b2                rprintfChar
                0x000002b2                timer0GetOverflowCount
                0x000008a6                uartswTxBitService
                0x00000482                __vector_5
                0x00001040                timerInit
                0x00000c3e                TIM0_COMPA_vect
                0x0000012e                timer2SetPrescaler
                0x00000a66                rprintfCRLF
                0x0000033e                timer1PWMAOn
                0x0000011a                timer0SetPrescaler
                0x000000c0                delay_us
                0x000010dc                main
                0x0000066a                __vector_4
                0x00000eb4                ser2_init
                0x000002a0                timer0ClearOverflowCount
                0x00000428                __vector_9
                0x00001062                uartswOff
                0x000000e4                timer1Init
                0x00000e0e                ser2_out
                0x000002e8                timer1PWMInit
                0x0000034c                timer1PWMBOn
                0x00001100                uartswSetBaudRate
                0x00000a6e                rprintfu04
                0x000000f8                timer2Init
                0x00000e44                ser2_in
                0x000005b6                __vector_8
                0x00000376                timer1PWMASet
                0x000006c4                bufferInit
                0x0000017a                timerAttach
                0x0000086e                uartswReceiveByte
                0x000007a8                bufferAddToEnd
                0x0000112e                timer1PWMOff
                0x0000108e                uartswInit
                0x00000810                bufferFlush
                0x00000502                __vector_10
                0x0000014e                timer1GetPrescaler
                0x000002c4                timer2ClearOverflowCount
                0x000001a6                timerPause
                0x00000ad8                rprintfNum
 .text          0x00001154        0x0 c:/winavr-20070525/bin/../lib/gcc/avr/4.1.2/avr5\libgcc.a(_mulsi3.o)
 .text          0x00001154        0x0 c:/winavr-20070525/bin/../lib/gcc/avr/4.1.2/avr5\libgcc.a(_udivmodhi4.o)
 .text          0x00001154        0x0 c:/winavr-20070525/bin/../lib/gcc/avr/4.1.2/avr5\libgcc.a(_udivmodsi4.o)
 .text          0x00001154        0x0 c:/winavr-20070525/bin/../lib/gcc/avr/4.1.2/avr5\libgcc.a(_divmodsi4.o)
 .text          0x00001154        0x0 c:/winavr-20070525/bin/../lib/gcc/avr/4.1.2/avr5\libgcc.a(_exit.o)
 .text          0x00001154        0x0 c:/winavr-20070525/bin/../lib/gcc/avr/4.1.2/avr5\libgcc.a(_copy_data.o)
 .text          0x00001154        0x0 c:/winavr-20070525/bin/../lib/gcc/avr/4.1.2/avr5\libgcc.a(_clear_bss.o)
                0x00001154                . = ALIGN (0x2)
 *(.text.*)
 .text.libgcc   0x00001154       0x3e c:/winavr-20070525/bin/../lib/gcc/avr/4.1.2/avr5\libgcc.a(_mulsi3.o)
                0x00001154                __mulsi3
 .text.libgcc   0x00001192       0x28 c:/winavr-20070525/bin/../lib/gcc/avr/4.1.2/avr5\libgcc.a(_udivmodhi4.o)
                0x00001192                __udivmodhi4
 .text.libgcc   0x000011ba       0x44 c:/winavr-20070525/bin/../lib/gcc/avr/4.1.2/avr5\libgcc.a(_udivmodsi4.o)
                0x000011ba                __udivmodsi4
 .text.libgcc   0x000011fe       0x36 c:/winavr-20070525/bin/../lib/gcc/avr/4.1.2/avr5\libgcc.a(_divmodsi4.o)
                0x000011fe                __divmodsi4
 .text.libgcc   0x00001234        0x0 c:/winavr-20070525/bin/../lib/gcc/avr/4.1.2/avr5\libgcc.a(_exit.o)
 .text.libgcc   0x00001234        0x0 c:/winavr-20070525/bin/../lib/gcc/avr/4.1.2/avr5\libgcc.a(_copy_data.o)
 .text.libgcc   0x00001234        0x0 c:/winavr-20070525/bin/../lib/gcc/avr/4.1.2/avr5\libgcc.a(_clear_bss.o)
                0x00001234                . = ALIGN (0x2)
 *(.fini9)
 .fini9         0x00001234        0x0 c:/winavr-20070525/bin/../lib/gcc/avr/4.1.2/avr5\libgcc.a(_exit.o)
                0x00001234                exit
                0x00001234                _exit
 *(.fini9)
 *(.fini8)
 *(.fini8)
 *(.fini7)
 *(.fini7)
 *(.fini6)
 *(.fini6)
 *(.fini5)
 *(.fini5)
 *(.fini4)
 *(.fini4)
 *(.fini3)
 *(.fini3)
 *(.fini2)
 *(.fini2)
 *(.fini1)
 *(.fini1)
 *(.fini0)
 .fini0         0x00001234        0x2 c:/winavr-20070525/bin/../lib/gcc/avr/4.1.2/avr5\libgcc.a(_exit.o)
 *(.fini0)
                0x00001236                _etext = .

.data           0x00800060        0xa load address 0x00001236
                0x00800060                PROVIDE (__data_start, .)
 *(.data)
 .data          0x00800060        0x0 c:/winavr-20070525/bin/../lib/gcc/avr/4.1.2/../../../../avr/lib/avr5/crtm32.o
 .data          0x00800060        0x9 uart3.o
 .data          0x00800069        0x0 c:/winavr-20070525/bin/../lib/gcc/avr/4.1.2/avr5\libgcc.a(_mulsi3.o)
 .data          0x00800069        0x0 c:/winavr-20070525/bin/../lib/gcc/avr/4.1.2/avr5\libgcc.a(_udivmodhi4.o)
 .data          0x00800069        0x0 c:/winavr-20070525/bin/../lib/gcc/avr/4.1.2/avr5\libgcc.a(_udivmodsi4.o)
 .data          0x00800069        0x0 c:/winavr-20070525/bin/../lib/gcc/avr/4.1.2/avr5\libgcc.a(_divmodsi4.o)
 .data          0x00800069        0x0 c:/winavr-20070525/bin/../lib/gcc/avr/4.1.2/avr5\libgcc.a(_exit.o)
 .data          0x00800069        0x0 c:/winavr-20070525/bin/../lib/gcc/avr/4.1.2/avr5\libgcc.a(_copy_data.o)
 .data          0x00800069        0x0 c:/winavr-20070525/bin/../lib/gcc/avr/4.1.2/avr5\libgcc.a(_clear_bss.o)
 *(.data*)
 *(.rodata)
 *(.rodata*)
 *(.gnu.linkonce.d*)
                0x0080006a                . = ALIGN (0x2)
 *fill*         0x00800069        0x1 00
                0x0080006a                _edata = .
                0x0080006a                PROVIDE (__data_end, .)

.bss            0x0080006a       0x7e
                0x0080006a                PROVIDE (__bss_start, .)
 *(.bss)
 .bss           0x0080006a        0x0 c:/winavr-20070525/bin/../lib/gcc/avr/4.1.2/../../../../avr/lib/avr5/crtm32.o
 .bss           0x0080006a       0x70 uart3.o
 .bss           0x008000da        0x0 c:/winavr-20070525/bin/../lib/gcc/avr/4.1.2/avr5\libgcc.a(_mulsi3.o)
 .bss           0x008000da        0x0 c:/winavr-20070525/bin/../lib/gcc/avr/4.1.2/avr5\libgcc.a(_udivmodhi4.o)
 .bss           0x008000da        0x0 c:/winavr-20070525/bin/../lib/gcc/avr/4.1.2/avr5\libgcc.a(_udivmodsi4.o)
 .bss           0x008000da        0x0 c:/winavr-20070525/bin/../lib/gcc/avr/4.1.2/avr5\libgcc.a(_divmodsi4.o)
 .bss           0x008000da        0x0 c:/winavr-20070525/bin/../lib/gcc/avr/4.1.2/avr5\libgcc.a(_exit.o)
 .bss           0x008000da        0x0 c:/winavr-20070525/bin/../lib/gcc/avr/4.1.2/avr5\libgcc.a(_copy_data.o)
 .bss           0x008000da        0x0 c:/winavr-20070525/bin/../lib/gcc/avr/4.1.2/avr5\libgcc.a(_clear_bss.o)
 *(.bss*)
 *(COMMON)
 COMMON         0x008000da        0xe uart3.o
                0x008000da                Timer0Reg0
                0x008000de                TimerPauseReg
                0x008000e2                Timer2Reg0
                0x008000e6                q
                0x008000e8                PROVIDE (__bss_end, .)
                0x00001236                __data_load_start = LOADADDR (.data)
                0x00001240                __data_load_end = (__data_load_start + SIZEOF (.data))

.noinit         0x008000e8        0x0
                0x008000e8                PROVIDE (__noinit_start, .)
 *(.noinit*)
                0x008000e8                PROVIDE (__noinit_end, .)
                0x008000e8                _end = .
                0x008000e8                PROVIDE (__heap_start, .)

.eeprom         0x00810000        0x0
 *(.eeprom*)
                0x00810000                __eeprom_end = .

.stab           0x00000000      0x378
 *(.stab)
 .stab          0x00000000      0x378 c:/winavr-20070525/bin/../lib/gcc/avr/4.1.2/../../../../avr/lib/avr5/crtm32.o

.stabstr        0x00000000       0x71
 *(.stabstr)
 .stabstr       0x00000000       0x71 c:/winavr-20070525/bin/../lib/gcc/avr/4.1.2/../../../../avr/lib/avr5/crtm32.o

.stab.excl
 *(.stab.excl)

.stab.exclstr
 *(.stab.exclstr)

.stab.index
 *(.stab.index)

.stab.indexstr
 *(.stab.indexstr)

.comment
 *(.comment)

.debug
 *(.debug)

.line
 *(.line)

.debug_srcinfo
 *(.debug_srcinfo)

.debug_sfnames
 *(.debug_sfnames)

.debug_aranges  0x00000000       0x20
 *(.debug_aranges)
 .debug_aranges
                0x00000000       0x20 uart3.o

.debug_pubnames
                0x00000000      0x56d
 *(.debug_pubnames)
 .debug_pubnames
                0x00000000      0x56d uart3.o

.debug_info     0x00000000     0x12dc
 *(.debug_info)
 .debug_info    0x00000000     0x12dc uart3.o
 *(.gnu.linkonce.wi.*)

.debug_abbrev   0x00000000      0x369
 *(.debug_abbrev)
 .debug_abbrev  0x00000000      0x369 uart3.o

.debug_line     0x00000000      0xeeb
 *(.debug_line)
 .debug_line    0x00000000      0xeeb uart3.o

.debug_frame    0x00000000      0x470
 *(.debug_frame)
 .debug_frame   0x00000000      0x470 uart3.o

.debug_str      0x00000000      0x7b2
 *(.debug_str)
 .debug_str     0x00000000      0x7b2 uart3.o
                                0x826 (size before relaxing)

.debug_loc      0x00000000      0x84e
 *(.debug_loc)
 .debug_loc     0x00000000      0x84e uart3.o

.debug_macinfo
 *(.debug_macinfo)
OUTPUT(uart3.elf elf32-avr)
LOAD linker stubs
